Archive member included to satisfy reference by file (symbol)

/opt/st/stm32cubeide_1.7.0/plugins/com.st.stm32cube.ide.mcu.externaltools.gnu-tools-for-stm32.9-2020-q2-update.linux64_2.0.0.202105311346/tools/bin/../lib/gcc/arm-none-eabi/9.3.1/../../../../arm-none-eabi/lib/thumb/v7e-m+fp/hard/libc_nano.a(lib_a-errno.o)
                              ./Core/Src/syscalls.o (__errno)
/opt/st/stm32cubeide_1.7.0/plugins/com.st.stm32cube.ide.mcu.externaltools.gnu-tools-for-stm32.9-2020-q2-update.linux64_2.0.0.202105311346/tools/bin/../lib/gcc/arm-none-eabi/9.3.1/../../../../arm-none-eabi/lib/thumb/v7e-m+fp/hard/libc_nano.a(lib_a-exit.o)
                              /opt/st/stm32cubeide_1.7.0/plugins/com.st.stm32cube.ide.mcu.externaltools.gnu-tools-for-stm32.9-2020-q2-update.linux64_2.0.0.202105311346/tools/bin/../lib/gcc/arm-none-eabi/9.3.1/../../../../arm-none-eabi/lib/thumb/v7e-m+fp/hard/crt0.o (exit)
/opt/st/stm32cubeide_1.7.0/plugins/com.st.stm32cube.ide.mcu.externaltools.gnu-tools-for-stm32.9-2020-q2-update.linux64_2.0.0.202105311346/tools/bin/../lib/gcc/arm-none-eabi/9.3.1/../../../../arm-none-eabi/lib/thumb/v7e-m+fp/hard/libc_nano.a(lib_a-impure.o)
                              /opt/st/stm32cubeide_1.7.0/plugins/com.st.stm32cube.ide.mcu.externaltools.gnu-tools-for-stm32.9-2020-q2-update.linux64_2.0.0.202105311346/tools/bin/../lib/gcc/arm-none-eabi/9.3.1/../../../../arm-none-eabi/lib/thumb/v7e-m+fp/hard/libc_nano.a(lib_a-exit.o) (_global_impure_ptr)
/opt/st/stm32cubeide_1.7.0/plugins/com.st.stm32cube.ide.mcu.externaltools.gnu-tools-for-stm32.9-2020-q2-update.linux64_2.0.0.202105311346/tools/bin/../lib/gcc/arm-none-eabi/9.3.1/../../../../arm-none-eabi/lib/thumb/v7e-m+fp/hard/libc_nano.a(lib_a-init.o)
                              /opt/st/stm32cubeide_1.7.0/plugins/com.st.stm32cube.ide.mcu.externaltools.gnu-tools-for-stm32.9-2020-q2-update.linux64_2.0.0.202105311346/tools/bin/../lib/gcc/arm-none-eabi/9.3.1/../../../../arm-none-eabi/lib/thumb/v7e-m+fp/hard/crt0.o (__libc_init_array)
/opt/st/stm32cubeide_1.7.0/plugins/com.st.stm32cube.ide.mcu.externaltools.gnu-tools-for-stm32.9-2020-q2-update.linux64_2.0.0.202105311346/tools/bin/../lib/gcc/arm-none-eabi/9.3.1/../../../../arm-none-eabi/lib/thumb/v7e-m+fp/hard/libc_nano.a(lib_a-memcmp.o)
                              ./Common/SEGGER/OS/SEGGER_SYSVIEW_FreeRTOS.o (memcmp)
/opt/st/stm32cubeide_1.7.0/plugins/com.st.stm32cube.ide.mcu.externaltools.gnu-tools-for-stm32.9-2020-q2-update.linux64_2.0.0.202105311346/tools/bin/../lib/gcc/arm-none-eabi/9.3.1/../../../../arm-none-eabi/lib/thumb/v7e-m+fp/hard/libc_nano.a(lib_a-memcpy-stub.o)
                              ./Common/FreeRTOS/queue.o (memcpy)
/opt/st/stm32cubeide_1.7.0/plugins/com.st.stm32cube.ide.mcu.externaltools.gnu-tools-for-stm32.9-2020-q2-update.linux64_2.0.0.202105311346/tools/bin/../lib/gcc/arm-none-eabi/9.3.1/../../../../arm-none-eabi/lib/thumb/v7e-m+fp/hard/libc_nano.a(lib_a-memset.o)
                              /opt/st/stm32cubeide_1.7.0/plugins/com.st.stm32cube.ide.mcu.externaltools.gnu-tools-for-stm32.9-2020-q2-update.linux64_2.0.0.202105311346/tools/bin/../lib/gcc/arm-none-eabi/9.3.1/../../../../arm-none-eabi/lib/thumb/v7e-m+fp/hard/crt0.o (memset)
/opt/st/stm32cubeide_1.7.0/plugins/com.st.stm32cube.ide.mcu.externaltools.gnu-tools-for-stm32.9-2020-q2-update.linux64_2.0.0.202105311346/tools/bin/../lib/gcc/arm-none-eabi/9.3.1/../../../../arm-none-eabi/lib/thumb/v7e-m+fp/hard/libc_nano.a(lib_a-printf.o)
                              ./Core/Src/main.o (printf)
/opt/st/stm32cubeide_1.7.0/plugins/com.st.stm32cube.ide.mcu.externaltools.gnu-tools-for-stm32.9-2020-q2-update.linux64_2.0.0.202105311346/tools/bin/../lib/gcc/arm-none-eabi/9.3.1/../../../../arm-none-eabi/lib/thumb/v7e-m+fp/hard/libc_nano.a(lib_a-strlen.o)
                              ./Common/SEGGER/SEGGER/SEGGER_RTT.o (strlen)
/opt/st/stm32cubeide_1.7.0/plugins/com.st.stm32cube.ide.mcu.externaltools.gnu-tools-for-stm32.9-2020-q2-update.linux64_2.0.0.202105311346/tools/bin/../lib/gcc/arm-none-eabi/9.3.1/../../../../arm-none-eabi/lib/thumb/v7e-m+fp/hard/libc_nano.a(lib_a-findfp.o)
                              /opt/st/stm32cubeide_1.7.0/plugins/com.st.stm32cube.ide.mcu.externaltools.gnu-tools-for-stm32.9-2020-q2-update.linux64_2.0.0.202105311346/tools/bin/../lib/gcc/arm-none-eabi/9.3.1/../../../../arm-none-eabi/lib/thumb/v7e-m+fp/hard/libc_nano.a(lib_a-printf.o) (__sinit)
/opt/st/stm32cubeide_1.7.0/plugins/com.st.stm32cube.ide.mcu.externaltools.gnu-tools-for-stm32.9-2020-q2-update.linux64_2.0.0.202105311346/tools/bin/../lib/gcc/arm-none-eabi/9.3.1/../../../../arm-none-eabi/lib/thumb/v7e-m+fp/hard/libc_nano.a(lib_a-fwalk.o)
                              /opt/st/stm32cubeide_1.7.0/plugins/com.st.stm32cube.ide.mcu.externaltools.gnu-tools-for-stm32.9-2020-q2-update.linux64_2.0.0.202105311346/tools/bin/../lib/gcc/arm-none-eabi/9.3.1/../../../../arm-none-eabi/lib/thumb/v7e-m+fp/hard/libc_nano.a(lib_a-findfp.o) (_fwalk)
[...]
Memory Configuration

Name             Origin             Length             Attributes
RAM              0x0000000020000000 0x0000000000018000 xrw
FLASH            0x0000000008000000 0x0000000000080000 xr
*default*        0x0000000000000000 0xffffffffffffffff

Linker script and memory map

LOAD /opt/st/stm32cubeide_1.7.0/plugins/com.st.stm32cube.ide.mcu.externaltools.gnu-tools-for-stm32.9-2020-q2-update.linux64_2.0.0.202105311346/tools/bin/../lib/gcc/arm-none-eabi/9.3.1/thumb/v7e-m+fp/hard/crti.o
LOAD /opt/st/stm32cubeide_1.7.0/plugins/com.st.stm32cube.ide.mcu.externaltools.gnu-tools-for-stm32.9-2020-q2-update.linux64_2.0.0.202105311346/tools/bin/../lib/gcc/arm-none-eabi/9.3.1/thumb/v7e-m+fp/hard/crtbegin.o
LOAD /opt/st/stm32cubeide_1.7.0/plugins/com.st.stm32cube.ide.mcu.externaltools.gnu-tools-for-stm32.9-2020-q2-update.linux64_2.0.0.202105311346/tools/bin/../lib/gcc/arm-none-eabi/9.3.1/../../../../arm-none-eabi/lib/thumb/v7e-m+fp/hard/crt0.o
LOAD ./Common/FreeRTOS/croutine.o
LOAD ./Common/FreeRTOS/event_groups.o
LOAD ./Common/FreeRTOS/list.o
LOAD ./Common/FreeRTOS/queue.o
LOAD ./Common/FreeRTOS/stream_buffer.o
LOAD ./Common/FreeRTOS/tasks.o
LOAD ./Common/FreeRTOS/timers.o
LOAD ./Common/FreeRTOS/portable/GCC/ARM_CM4F/port.o
LOAD ./Common/FreeRTOS/portable/MemMang/heap_4.o
LOAD ./Common/SEGGER/Config/SEGGER_SYSVIEW_Config_FreeRTOS.o
LOAD ./Common/SEGGER/OS/SEGGER_SYSVIEW_FreeRTOS.o
LOAD ./Common/SEGGER/SEGGER/SEGGER_RTT.o
LOAD ./Common/SEGGER/SEGGER/SEGGER_RTT_ASM_ARMv7M.o
LOAD ./Common/SEGGER/SEGGER/SEGGER_RTT_printf.o
LOAD ./Common/SEGGER/SEGGER/SEGGER_SYSVIEW.o
LOAD ./Common/SEGGER/SEGGER/Syscalls/SEGGER_RTT_Syscalls_GCC.o
LOAD ./Common/SEGGER/SEGGER/Syscalls/SEGGER_RTT_Syscalls_IAR.o
LOAD ./Common/SEGGER/SEGGER/Syscalls/SEGGER_RTT_Syscalls_KEIL.o
LOAD ./Common/SEGGER/SEGGER/Syscalls/SEGGER_RTT_Syscalls_SES.o
LOAD ./Core/Src/main.o
LOAD ./Core/Src/stm32f4xx_hal_msp.o
LOAD ./Core/Src/stm32f4xx_hal_timebase_tim.o
LOAD ./Core/Src/stm32f4xx_it.o
LOAD ./Core/Src/syscalls.o
LOAD ./Core/Src/sysmem.o
LOAD ./Core/Src/system_stm32f4xx.o
LOAD ./Core/Startup/startup_stm32f401retx.o
LOAD ./Drivers/STM32F4xx_HAL_Driver/Src/stm32f4xx_hal.o
LOAD ./Drivers/STM32F4xx_HAL_Driver/Src/stm32f4xx_hal_cortex.o
LOAD ./Drivers/STM32F4xx_HAL_Driver/Src/stm32f4xx_hal_dma.o
LOAD ./Drivers/STM32F4xx_HAL_Driver/Src/stm32f4xx_hal_dma_ex.o
LOAD ./Drivers/STM32F4xx_HAL_Driver/Src/stm32f4xx_hal_exti.o
LOAD ./Drivers/STM32F4xx_HAL_Driver/Src/stm32f4xx_hal_flash.o
LOAD ./Drivers/STM32F4xx_HAL_Driver/Src/stm32f4xx_hal_flash_ex.o
LOAD ./Drivers/STM32F4xx_HAL_Driver/Src/stm32f4xx_hal_flash_ramfunc.o
LOAD ./Drivers/STM32F4xx_HAL_Driver/Src/stm32f4xx_hal_gpio.o
LOAD ./Drivers/STM32F4xx_HAL_Driver/Src/stm32f4xx_hal_pwr.o
LOAD ./Drivers/STM32F4xx_HAL_Driver/Src/stm32f4xx_hal_pwr_ex.o
LOAD ./Drivers/STM32F4xx_HAL_Driver/Src/stm32f4xx_hal_rcc.o
LOAD ./Drivers/STM32F4xx_HAL_Driver/Src/stm32f4xx_hal_rcc_ex.o
LOAD ./Drivers/STM32F4xx_HAL_Driver/Src/stm32f4xx_hal_tim.o
LOAD ./Drivers/STM32F4xx_HAL_Driver/Src/stm32f4xx_hal_tim_ex.o
START GROUP
LOAD /opt/st/stm32cubeide_1.7.0/plugins/com.st.stm32cube.ide.mcu.externaltools.gnu-tools-for-stm32.9-2020-q2-update.linux64_2.0.0.202105311346/tools/bin/../lib/gcc/arm-none-eabi/9.3.1/../../../../arm-none-eabi/lib/thumb/v7e-m+fp/hard/libc_nano.a
LOAD /opt/st/stm32cubeide_1.7.0/plugins/com.st.stm32cube.ide.mcu.externaltools.gnu-tools-for-stm32.9-2020-q2-update.linux64_2.0.0.202105311346/tools/bin/../lib/gcc/arm-none-eabi/9.3.1/../../../../arm-none-eabi/lib/thumb/v7e-m+fp/hard/libm.a
END GROUP
START GROUP
LOAD /opt/st/stm32cubeide_1.7.0/plugins/com.st.stm32cube.ide.mcu.externaltools.gnu-tools-for-stm32.9-2020-q2-update.linux64_2.0.0.202105311346/tools/bin/../lib/gcc/arm-none-eabi/9.3.1/thumb/v7e-m+fp/hard/libgcc.a
LOAD /opt/st/stm32cubeide_1.7.0/plugins/com.st.stm32cube.ide.mcu.externaltools.gnu-tools-for-stm32.9-2020-q2-update.linux64_2.0.0.202105311346/tools/bin/../lib/gcc/arm-none-eabi/9.3.1/../../../../arm-none-eabi/lib/thumb/v7e-m+fp/hard/libc_nano.a
END GROUP
START GROUP
LOAD /opt/st/stm32cubeide_1.7.0/plugins/com.st.stm32cube.ide.mcu.externaltools.gnu-tools-for-stm32.9-2020-q2-update.linux64_2.0.0.202105311346/tools/bin/../lib/gcc/arm-none-eabi/9.3.1/thumb/v7e-m+fp/hard/libgcc.a
LOAD /opt/st/stm32cubeide_1.7.0/plugins/com.st.stm32cube.ide.mcu.externaltools.gnu-tools-for-stm32.9-2020-q2-update.linux64_2.0.0.202105311346/tools/bin/../lib/gcc/arm-none-eabi/9.3.1/../../../../arm-none-eabi/lib/thumb/v7e-m+fp/hard/libc_nano.a
LOAD /opt/st/stm32cubeide_1.7.0/plugins/com.st.stm32cube.ide.mcu.externaltools.gnu-tools-for-stm32.9-2020-q2-update.linux64_2.0.0.202105311346/tools/bin/../lib/gcc/arm-none-eabi/9.3.1/../../../../arm-none-eabi/lib/thumb/v7e-m+fp/hard/libnosys.a
END GROUP
START GROUP
LOAD /opt/st/stm32cubeide_1.7.0/plugins/com.st.stm32cube.ide.mcu.externaltools.gnu-tools-for-stm32.9-2020-q2-update.linux64_2.0.0.202105311346/tools/bin/../lib/gcc/arm-none-eabi/9.3.1/thumb/v7e-m+fp/hard/libgcc.a
LOAD /opt/st/stm32cubeide_1.7.0/plugins/com.st.stm32cube.ide.mcu.externaltools.gnu-tools-for-stm32.9-2020-q2-update.linux64_2.0.0.202105311346/tools/bin/../lib/gcc/arm-none-eabi/9.3.1/../../../../arm-none-eabi/lib/thumb/v7e-m+fp/hard/libc_nano.a
LOAD /opt/st/stm32cubeide_1.7.0/plugins/com.st.stm32cube.ide.mcu.externaltools.gnu-tools-for-stm32.9-2020-q2-update.linux64_2.0.0.202105311346/tools/bin/../lib/gcc/arm-none-eabi/9.3.1/../../../../arm-none-eabi/lib/thumb/v7e-m+fp/hard/libnosys.a
END GROUP
LOAD /opt/st/stm32cubeide_1.7.0/plugins/com.st.stm32cube.ide.mcu.externaltools.gnu-tools-for-stm32.9-2020-q2-update.linux64_2.0.0.202105311346/tools/bin/../lib/gcc/arm-none-eabi/9.3.1/thumb/v7e-m+fp/hard/crtend.o
LOAD /opt/st/stm32cubeide_1.7.0/plugins/com.st.stm32cube.ide.mcu.externaltools.gnu-tools-for-stm32.9-2020-q2-update.linux64_2.0.0.202105311346/tools/bin/../lib/gcc/arm-none-eabi/9.3.1/thumb/v7e-m+fp/hard/crtn.o
                0x0000000020018000                _estack = (ORIGIN (RAM) + LENGTH (RAM))
                0x0000000000000200                _Min_Heap_Size = 0x200
                0x0000000000000400                _Min_Stack_Size = 0x400

.isr_vector     0x0000000008000000      0x194
                0x0000000008000000                . = ALIGN (0x4)
 *(.isr_vector)
 .isr_vector    0x0000000008000000      0x194 ./Core/Startup/startup_stm32f401retx.o
                0x0000000008000000                g_pfnVectors
                0x0000000008000194                . = ALIGN (0x4)

.text           0x00000000080001a0     0x7a04
                0x00000000080001a0                . = ALIGN (0x4)
 *(.text)
 .text          0x00000000080001a0       0x40 /opt/st/stm32cubeide_1.7.0/plugins/com.st.stm32cube.ide.mcu.externaltools.gnu-tools-for-stm32.9-2020-q2-update.linux64_2.0.0.202105311346/tools/bin/../lib/gcc/arm-none-eabi/9.3.1/thumb/v7e-m+fp/hard/crtbegin.o
 .text          0x00000000080001e0       0x94 ./Common/SEGGER/SEGGER/SEGGER_RTT_ASM_ARMv7M.o
                0x00000000080001e0                SEGGER_RTT_ASM_WriteSkipNoLock
 *fill*         0x0000000008000274        0xc 
 .text          0x0000000008000280       0xa0 /opt/st/stm32cubeide_1.7.0/plugins/com.st.stm32cube.ide.mcu.externaltools.gnu-tools-for-stm32.9-2020-q2-update.linux64_2.0.0.202105311346/tools/bin/../lib/gcc/arm-none-eabi/9.3.1/../../../../arm-none-eabi/lib/thumb/v7e-m+fp/hard/libc_nano.a(lib_a-memchr.o)
                0x0000000008000280                memchr
 .text          0x0000000008000320       0x30 /opt/st/stm32cubeide_1.7.0/plugins/com.st.stm32cube.ide.mcu.externaltools.gnu-tools-for-stm32.9-2020-q2-update.linux64_2.0.0.202105311346/tools/bin/../lib/gcc/arm-none-eabi/9.3.1/thumb/v7e-m+fp/hard/libgcc.a(_aeabi_uldivmod.o)
                0x0000000008000320                __aeabi_uldivmod
 .text          0x0000000008000350      0x2c4 /opt/st/stm32cubeide_1.7.0/plugins/com.st.stm32cube.ide.mcu.externaltools.gnu-tools-for-stm32.9-2020-q2-update.linux64_2.0.0.202105311346/tools/bin/../lib/gcc/arm-none-eabi/9.3.1/thumb/v7e-m+fp/hard/libgcc.a(_udivmoddi4.o)
                0x0000000008000350                __udivmoddi4
 .text          0x0000000008000614        0x4 /opt/st/stm32cubeide_1.7.0/plugins/com.st.stm32cube.ide.mcu.externaltools.gnu-tools-for-stm32.9-2020-q2-update.linux64_2.0.0.202105311346/tools/bin/../lib/gcc/arm-none-eabi/9.3.1/thumb/v7e-m+fp/hard/libgcc.a(_dvmd_tls.o)
                0x0000000008000614                __aeabi_ldiv0
                0x0000000008000614                __aeabi_idiv0
 *(.text*)
 .text.vListInitialise
                0x0000000008000618       0x40 ./Common/FreeRTOS/list.o
                0x0000000008000618                vListInitialise
 .text.vListInitialiseItem
                0x0000000008000658       0x1a ./Common/FreeRTOS/list.o
                0x0000000008000658                vListInitialiseItem
 .text.vListInsertEnd
                0x0000000008000672       0x48 ./Common/FreeRTOS/list.o
                0x0000000008000672                vListInsertEnd
 .text.vListInsert
                0x00000000080006ba       0x72 ./Common/FreeRTOS/list.o
                0x00000000080006ba                vListInsert
 .text.uxListRemove
                0x000000000800072c       0x54 ./Common/FreeRTOS/list.o
                0x000000000800072c                uxListRemove
 .text.xQueueGenericReset
                0x0000000008000780      0x120 ./Common/FreeRTOS/queue.o
                0x0000000008000780                xQueueGenericReset
 .text.xQueueGenericCreate
                0x00000000080008a0       0x9c ./Common/FreeRTOS/queue.o
                0x00000000080008a0                xQueueGenericCreate
 .text.prvInitialiseNewQueue
                0x000000000800093c       0x52 ./Common/FreeRTOS/queue.o
 *fill*         0x000000000800098e        0x2 
 .text.xQueueReceive
                0x0000000008000990      0x220 ./Common/FreeRTOS/queue.o
                0x0000000008000990                xQueueReceive
 .text.prvCopyDataFromQueue
                0x0000000008000bb0       0x4c ./Common/FreeRTOS/queue.o
 .text.prvUnlockQueue
                0x0000000008000bfc       0xa4 ./Common/FreeRTOS/queue.o
 .text.prvIsQueueEmpty
                0x0000000008000ca0       0x2c ./Common/FreeRTOS/queue.o
 .text.vQueueAddToRegistry
                0x0000000008000ccc       0xac ./Common/FreeRTOS/queue.o
                0x0000000008000ccc                vQueueAddToRegistry
 .text.vQueueWaitForMessageRestricted
                0x0000000008000d78       0x68 ./Common/FreeRTOS/queue.o
                0x0000000008000d78                vQueueWaitForMessageRestricted
 .text.xTaskCreate
                0x0000000008000de0       0x82 ./Common/FreeRTOS/tasks.o
                0x0000000008000de0                xTaskCreate
 .text.prvInitialiseNewTask
                0x0000000008000e62      0x148 ./Common/FreeRTOS/tasks.o
 *fill*         0x0000000008000faa        0x2 
 .text.prvAddNewTaskToReadyList
                0x0000000008000fac      0x168 ./Common/FreeRTOS/tasks.o
 .text.vTaskDelete
                0x0000000008001114      0x154 ./Common/FreeRTOS/tasks.o
                0x0000000008001114                vTaskDelete
 .text.vTaskStartScheduler
                0x0000000008001268       0xc4 ./Common/FreeRTOS/tasks.o
                0x0000000008001268                vTaskStartScheduler
 .text.vTaskSuspendAll
                0x000000000800132c       0x1c ./Common/FreeRTOS/tasks.o
                0x000000000800132c                vTaskSuspendAll
 .text.xTaskResumeAll
                0x0000000008001348      0x200 ./Common/FreeRTOS/tasks.o
                0x0000000008001348                xTaskResumeAll
 .text.xTaskGetTickCount
                0x0000000008001548       0x20 ./Common/FreeRTOS/tasks.o
                0x0000000008001548                xTaskGetTickCount
 .text.xTaskGetTickCountFromISR
                0x0000000008001568       0x24 ./Common/FreeRTOS/tasks.o
                0x0000000008001568                xTaskGetTickCountFromISR
 .text.xTaskIncrementTick
                0x000000000800158c      0x234 ./Common/FreeRTOS/tasks.o
                0x000000000800158c                xTaskIncrementTick
 .text.vTaskSwitchContext
                0x00000000080017c0       0xd4 ./Common/FreeRTOS/tasks.o
                0x00000000080017c0                vTaskSwitchContext
 .text.vTaskPlaceOnEventList
                0x0000000008001894       0x48 ./Common/FreeRTOS/tasks.o
                0x0000000008001894                vTaskPlaceOnEventList
 .text.vTaskPlaceOnEventListRestricted
                0x00000000080018dc       0x90 ./Common/FreeRTOS/tasks.o
                0x00000000080018dc                vTaskPlaceOnEventListRestricted
 .text.xTaskRemoveFromEventList
                0x000000000800196c      0x1b0 ./Common/FreeRTOS/tasks.o
                0x000000000800196c                xTaskRemoveFromEventList
 .text.vTaskInternalSetTimeOutState
                0x0000000008001b1c       0x2c ./Common/FreeRTOS/tasks.o
                0x0000000008001b1c                vTaskInternalSetTimeOutState
 .text.xTaskCheckForTimeOut
                0x0000000008001b48       0xcc ./Common/FreeRTOS/tasks.o
                0x0000000008001b48                xTaskCheckForTimeOut
 .text.vTaskMissedYield
                0x0000000008001c14       0x18 ./Common/FreeRTOS/tasks.o
                0x0000000008001c14                vTaskMissedYield
 .text.prvIdleTask
                0x0000000008001c2c       0x30 ./Common/FreeRTOS/tasks.o
 .text.prvInitialiseTaskLists
                0x0000000008001c5c       0x80 ./Common/FreeRTOS/tasks.o
 .text.prvCheckTasksWaitingTermination
                0x0000000008001cdc       0x5c ./Common/FreeRTOS/tasks.o
 .text.prvDeleteTCB
                0x0000000008001d38       0x20 ./Common/FreeRTOS/tasks.o
 .text.prvResetNextTaskUnblockTime
                0x0000000008001d58       0x38 ./Common/FreeRTOS/tasks.o
 .text.xTaskGetSchedulerState
                0x0000000008001d90       0x3c ./Common/FreeRTOS/tasks.o
                0x0000000008001d90                xTaskGetSchedulerState
 .text.xTaskGenericNotifyWait
                0x0000000008001dcc      0x110 ./Common/FreeRTOS/tasks.o
                0x0000000008001dcc                xTaskGenericNotifyWait
 .text.xTaskGenericNotifyFromISR
                0x0000000008001edc      0x2dc ./Common/FreeRTOS/tasks.o
                0x0000000008001edc                xTaskGenericNotifyFromISR
 .text.prvAddCurrentTaskToDelayedList
                0x00000000080021b8      0x118 ./Common/FreeRTOS/tasks.o
 .text.xTimerCreateTimerTask
                0x00000000080022d0       0x64 ./Common/FreeRTOS/timers.o
                0x00000000080022d0                xTimerCreateTimerTask
 .text.prvReloadTimer
                0x0000000008002334       0x42 ./Common/FreeRTOS/timers.o
 *fill*         0x0000000008002376        0x2 
 .text.prvProcessExpiredTimer
                0x0000000008002378       0x60 ./Common/FreeRTOS/timers.o
 .text.prvTimerTask
                0x00000000080023d8       0x24 ./Common/FreeRTOS/timers.o
 .text.prvProcessTimerOrBlockTask
                0x00000000080023fc       0x9c ./Common/FreeRTOS/timers.o
 .text.prvGetNextExpireTime
                0x0000000008002498       0x48 ./Common/FreeRTOS/timers.o
 .text.prvSampleTimeNow
                0x00000000080024e0       0x40 ./Common/FreeRTOS/timers.o
 .text.prvInsertTimerInActiveList
                0x0000000008002520       0x84 ./Common/FreeRTOS/timers.o
 .text.prvProcessReceivedCommands
                0x00000000080025a4      0x17c ./Common/FreeRTOS/timers.o
 .text.prvSwitchTimerLists
                0x0000000008002720       0x4c ./Common/FreeRTOS/timers.o
 .text.prvCheckForValidListAndQueue
                0x000000000800276c       0x6c ./Common/FreeRTOS/timers.o
 .text.pxPortInitialiseStack
                0x00000000080027d8       0x68 ./Common/FreeRTOS/portable/GCC/ARM_CM4F/port.o
                0x00000000080027d8                pxPortInitialiseStack
 .text.prvTaskExitError
                0x0000000008002840       0x58 ./Common/FreeRTOS/portable/GCC/ARM_CM4F/port.o
 *fill*         0x0000000008002898        0x8 
 .text.SVC_Handler
                0x00000000080028a0       0x28 ./Common/FreeRTOS/portable/GCC/ARM_CM4F/port.o
                0x00000000080028a0                SVC_Handler
 .text.prvPortStartFirstTask
                0x00000000080028c8       0x2c ./Common/FreeRTOS/portable/GCC/ARM_CM4F/port.o
 .text.xPortStartScheduler
                0x00000000080028f4      0x144 ./Common/FreeRTOS/portable/GCC/ARM_CM4F/port.o
                0x00000000080028f4                xPortStartScheduler
 .text.vInitPrioGroupValue
                0x0000000008002a38       0xfc ./Common/FreeRTOS/portable/GCC/ARM_CM4F/port.o
                0x0000000008002a38                vInitPrioGroupValue
 .text.vPortEnterCritical
                0x0000000008002b34       0x60 ./Common/FreeRTOS/portable/GCC/ARM_CM4F/port.o
                0x0000000008002b34                vPortEnterCritical
 .text.vPortExitCritical
                0x0000000008002b94       0x54 ./Common/FreeRTOS/portable/GCC/ARM_CM4F/port.o
                0x0000000008002b94                vPortExitCritical
 *fill*         0x0000000008002be8        0x8 
 .text.PendSV_Handler
                0x0000000008002bf0       0x68 ./Common/FreeRTOS/portable/GCC/ARM_CM4F/port.o
                0x0000000008002bf0                PendSV_Handler
 .text.SysTick_Handler
                0x0000000008002c58       0x54 ./Common/FreeRTOS/portable/GCC/ARM_CM4F/port.o
                0x0000000008002c58                SysTick_Handler
 .text.vPortSetupTimerInterrupt
                0x0000000008002cac       0x48 ./Common/FreeRTOS/portable/GCC/ARM_CM4F/port.o
                0x0000000008002cac                vPortSetupTimerInterrupt
 .text.vPortEnableVFP
                0x0000000008002cf4       0x18 ./Common/FreeRTOS/portable/GCC/ARM_CM4F/port.o
 .text.vPortValidateInterruptPriority
                0x0000000008002d0c       0x80 ./Common/FreeRTOS/portable/GCC/ARM_CM4F/port.o
                0x0000000008002d0c                vPortValidateInterruptPriority
 .text.pvPortMalloc
                0x0000000008002d8c      0x1c0 ./Common/FreeRTOS/portable/MemMang/heap_4.o
                0x0000000008002d8c                pvPortMalloc
 .text.vPortFree
                0x0000000008002f4c       0xc4 ./Common/FreeRTOS/portable/MemMang/heap_4.o
                0x0000000008002f4c                vPortFree
 .text.prvHeapInit
                0x0000000008003010       0xc4 ./Common/FreeRTOS/portable/MemMang/heap_4.o
 .text.prvInsertBlockIntoFreeList
                0x00000000080030d4       0xb4 ./Common/FreeRTOS/portable/MemMang/heap_4.o
 .text._cbSendSystemDesc
                0x0000000008003188       0x1c ./Common/SEGGER/Config/SEGGER_SYSVIEW_Config_FreeRTOS.o
 .text.SEGGER_SYSVIEW_Conf
                0x00000000080031a4       0x2c ./Common/SEGGER/Config/SEGGER_SYSVIEW_Config_FreeRTOS.o
                0x00000000080031a4                SEGGER_SYSVIEW_Conf
 .text._cbSendTaskList
                0x00000000080031d0       0x90 ./Common/SEGGER/OS/SEGGER_SYSVIEW_FreeRTOS.o
 .text._cbGetTime
                0x0000000008003260       0x78 ./Common/SEGGER/OS/SEGGER_SYSVIEW_FreeRTOS.o
 .text.SYSVIEW_AddTask
                0x00000000080032d8       0xd0 ./Common/SEGGER/OS/SEGGER_SYSVIEW_FreeRTOS.o
                0x00000000080032d8                SYSVIEW_AddTask
 .text.SYSVIEW_DeleteTask
                0x00000000080033a8      0x178 ./Common/SEGGER/OS/SEGGER_SYSVIEW_FreeRTOS.o
                0x00000000080033a8                SYSVIEW_DeleteTask
 .text.SYSVIEW_SendTaskInfo
                0x0000000008003520       0x42 ./Common/SEGGER/OS/SEGGER_SYSVIEW_FreeRTOS.o
                0x0000000008003520                SYSVIEW_SendTaskInfo
 *fill*         0x0000000008003562        0x2 
 .text._DoInit  0x0000000008003564       0xb0 ./Common/SEGGER/SEGGER/SEGGER_RTT.o
 .text._WriteBlocking
                0x0000000008003614       0xba ./Common/SEGGER/SEGGER/SEGGER_RTT.o
 .text._WriteNoCheck
                0x00000000080036ce       0x90 ./Common/SEGGER/SEGGER/SEGGER_RTT.o
 .text._GetAvailWriteSpace
                0x000000000800375e       0x46 ./Common/SEGGER/SEGGER/SEGGER_RTT.o
 .text.SEGGER_RTT_ReadNoLock
                0x00000000080037a4      0x10c ./Common/SEGGER/SEGGER/SEGGER_RTT.o
                0x00000000080037a4                SEGGER_RTT_ReadNoLock
 .text.SEGGER_RTT_WriteNoLock
                0x00000000080038b0       0xa0 ./Common/SEGGER/SEGGER/SEGGER_RTT.o
                0x00000000080038b0                SEGGER_RTT_WriteNoLock
 .text.SEGGER_RTT_Write
                0x0000000008003950       0x4c ./Common/SEGGER/SEGGER/SEGGER_RTT.o
                0x0000000008003950                SEGGER_RTT_Write
 .text.SEGGER_RTT_AllocUpBuffer
                0x000000000800399c      0x108 ./Common/SEGGER/SEGGER/SEGGER_RTT.o
                0x000000000800399c                SEGGER_RTT_AllocUpBuffer
 .text.SEGGER_RTT_ConfigDownBuffer
                0x0000000008003aa4       0x98 ./Common/SEGGER/SEGGER/SEGGER_RTT.o
                0x0000000008003aa4                SEGGER_RTT_ConfigDownBuffer
 .text._EncodeStr
                0x0000000008003b3c       0xa0 ./Common/SEGGER/SEGGER/SEGGER_SYSVIEW.o
 .text._PreparePacket
                0x0000000008003bdc       0x18 ./Common/SEGGER/SEGGER/SEGGER_SYSVIEW.o
 .text._HandleIncomingPacket
                0x0000000008003bf4       0xe4 ./Common/SEGGER/SEGGER/SEGGER_SYSVIEW.o
 .text._TrySendOverflowPacket
                0x0000000008003cd8       0xe4 ./Common/SEGGER/SEGGER/SEGGER_SYSVIEW.o
 .text._SendPacket
                0x0000000008003dbc      0x1cc ./Common/SEGGER/SEGGER/SEGGER_SYSVIEW.o
 .text.SEGGER_SYSVIEW_Init
                0x0000000008003f88       0x88 ./Common/SEGGER/SEGGER/SEGGER_SYSVIEW.o
                0x0000000008003f88                SEGGER_SYSVIEW_Init
 .text.SEGGER_SYSVIEW_SetRAMBase
                0x0000000008004010       0x20 ./Common/SEGGER/SEGGER/SEGGER_SYSVIEW.o
                0x0000000008004010                SEGGER_SYSVIEW_SetRAMBase
 .text.SEGGER_SYSVIEW_RecordVoid
                0x0000000008004030       0x3c ./Common/SEGGER/SEGGER/SEGGER_SYSVIEW.o
                0x0000000008004030                SEGGER_SYSVIEW_RecordVoid
 .text.SEGGER_SYSVIEW_RecordU32
                0x000000000800406c       0x78 ./Common/SEGGER/SEGGER/SEGGER_SYSVIEW.o
                0x000000000800406c                SEGGER_SYSVIEW_RecordU32
 .text.SEGGER_SYSVIEW_RecordU32x2
                0x00000000080040e4       0xb4 ./Common/SEGGER/SEGGER/SEGGER_SYSVIEW.o
                0x00000000080040e4                SEGGER_SYSVIEW_RecordU32x2
 .text.SEGGER_SYSVIEW_RecordU32x3
                0x0000000008004198       0xec ./Common/SEGGER/SEGGER/SEGGER_SYSVIEW.o
                0x0000000008004198                SEGGER_SYSVIEW_RecordU32x3
 .text.SEGGER_SYSVIEW_RecordU32x4
                0x0000000008004284      0x124 ./Common/SEGGER/SEGGER/SEGGER_SYSVIEW.o
                0x0000000008004284                SEGGER_SYSVIEW_RecordU32x4
 .text.SEGGER_SYSVIEW_RecordU32x5
                0x00000000080043a8      0x15c ./Common/SEGGER/SEGGER/SEGGER_SYSVIEW.o
                0x00000000080043a8                SEGGER_SYSVIEW_RecordU32x5
 .text.SEGGER_SYSVIEW_Start
                0x0000000008004504      0x174 ./Common/SEGGER/SEGGER/SEGGER_SYSVIEW.o
                0x0000000008004504                SEGGER_SYSVIEW_Start
 .text.SEGGER_SYSVIEW_Stop
                0x0000000008004678       0x4c ./Common/SEGGER/SEGGER/SEGGER_SYSVIEW.o
                0x0000000008004678                SEGGER_SYSVIEW_Stop
 .text.SEGGER_SYSVIEW_GetSysDesc
                0x00000000080046c4      0x134 ./Common/SEGGER/SEGGER/SEGGER_SYSVIEW.o
                0x00000000080046c4                SEGGER_SYSVIEW_GetSysDesc
 .text.SEGGER_SYSVIEW_SendTaskInfo
                0x00000000080047f8      0x1c8 ./Common/SEGGER/SEGGER/SEGGER_SYSVIEW.o
                0x00000000080047f8                SEGGER_SYSVIEW_SendTaskInfo
 .text.SEGGER_SYSVIEW_SendTaskList
                0x00000000080049c0       0x28 ./Common/SEGGER/SEGGER/SEGGER_SYSVIEW.o
                0x00000000080049c0                SEGGER_SYSVIEW_SendTaskList
 .text.SEGGER_SYSVIEW_SendSysDesc
                0x00000000080049e8       0x48 ./Common/SEGGER/SEGGER/SEGGER_SYSVIEW.o
                0x00000000080049e8                SEGGER_SYSVIEW_SendSysDesc
 .text.SEGGER_SYSVIEW_RecordSystime
                0x0000000008004a30       0x64 ./Common/SEGGER/SEGGER/SEGGER_SYSVIEW.o
                0x0000000008004a30                SEGGER_SYSVIEW_RecordSystime
 .text.SEGGER_SYSVIEW_RecordEnterISR
                0x0000000008004a94       0x84 ./Common/SEGGER/SEGGER/SEGGER_SYSVIEW.o
                0x0000000008004a94                SEGGER_SYSVIEW_RecordEnterISR
 .text.SEGGER_SYSVIEW_RecordExitISR
                0x0000000008004b18       0x38 ./Common/SEGGER/SEGGER/SEGGER_SYSVIEW.o
                0x0000000008004b18                SEGGER_SYSVIEW_RecordExitISR
 .text.SEGGER_SYSVIEW_RecordExitISRToScheduler
                0x0000000008004b50       0x38 ./Common/SEGGER/SEGGER/SEGGER_SYSVIEW.o
                0x0000000008004b50                SEGGER_SYSVIEW_RecordExitISRToScheduler
 .text.SEGGER_SYSVIEW_OnIdle
                0x0000000008004b88       0x38 ./Common/SEGGER/SEGGER/SEGGER_SYSVIEW.o
                0x0000000008004b88                SEGGER_SYSVIEW_OnIdle
 .text.SEGGER_SYSVIEW_OnTaskCreate
                0x0000000008004bc0       0x84 ./Common/SEGGER/SEGGER/SEGGER_SYSVIEW.o
                0x0000000008004bc0                SEGGER_SYSVIEW_OnTaskCreate
 .text.SEGGER_SYSVIEW_OnTaskStartExec
                0x0000000008004c44       0x84 ./Common/SEGGER/SEGGER/SEGGER_SYSVIEW.o
                0x0000000008004c44                SEGGER_SYSVIEW_OnTaskStartExec
 .text.SEGGER_SYSVIEW_OnTaskStartReady
                0x0000000008004cc8       0x84 ./Common/SEGGER/SEGGER/SEGGER_SYSVIEW.o
                0x0000000008004cc8                SEGGER_SYSVIEW_OnTaskStartReady
 .text.SEGGER_SYSVIEW_OnTaskStopReady
                0x0000000008004d4c       0xc0 ./Common/SEGGER/SEGGER/SEGGER_SYSVIEW.o
                0x0000000008004d4c                SEGGER_SYSVIEW_OnTaskStopReady
 .text.SEGGER_SYSVIEW_ShrinkId
                0x0000000008004e0c       0x20 ./Common/SEGGER/SEGGER/SEGGER_SYSVIEW.o
                0x0000000008004e0c                SEGGER_SYSVIEW_ShrinkId
 .text.SEGGER_SYSVIEW_SendModule
                0x0000000008004e2c      0x100 ./Common/SEGGER/SEGGER/SEGGER_SYSVIEW.o
                0x0000000008004e2c                SEGGER_SYSVIEW_SendModule
 .text.SEGGER_SYSVIEW_SendModuleDescription
                0x0000000008004f2c       0x3c ./Common/SEGGER/SEGGER/SEGGER_SYSVIEW.o
                0x0000000008004f2c                SEGGER_SYSVIEW_SendModuleDescription
 .text.SEGGER_SYSVIEW_SendNumModules
                0x0000000008004f68       0x7c ./Common/SEGGER/SEGGER/SEGGER_SYSVIEW.o
                0x0000000008004f68                SEGGER_SYSVIEW_SendNumModules
 .text.SEGGER_SYSVIEW_Warn
                0x0000000008004fe4       0xb8 ./Common/SEGGER/SEGGER/SEGGER_SYSVIEW.o
                0x0000000008004fe4                SEGGER_SYSVIEW_Warn
 .text._write_r
                0x000000000800509c       0x22 ./Common/SEGGER/SEGGER/Syscalls/SEGGER_RTT_Syscalls_GCC.o
                0x000000000800509c                _write_r
 *fill*         0x00000000080050be        0x2 
 .text.main     0x00000000080050c0       0xf4 ./Core/Src/main.o
                0x00000000080050c0                main
 .text.SystemClock_Config
                0x00000000080051b4       0xd8 ./Core/Src/main.o
                0x00000000080051b4                SystemClock_Config
 .text.MX_GPIO_Init
                0x000000000800528c      0x134 ./Core/Src/main.o
 .text.button_interrupt_handler
                0x00000000080053c0       0x50 ./Core/Src/main.o
                0x00000000080053c0                button_interrupt_handler
 .text.redTask_Handler
                0x0000000008005410       0x64 ./Core/Src/main.o
 .text.yellowTask_Handler
                0x0000000008005474       0x64 ./Core/Src/main.o
 .text.greenTask_Handler
                0x00000000080054d8       0x5c ./Core/Src/main.o
 .text.HAL_TIM_PeriodElapsedCallback
                0x0000000008005534       0x24 ./Core/Src/main.o
                0x0000000008005534                HAL_TIM_PeriodElapsedCallback
 .text.Error_Handler
                0x0000000008005558        0xa ./Core/Src/main.o
                0x0000000008005558                Error_Handler
 *fill*         0x0000000008005562        0x2 
 .text.HAL_MspInit
                0x0000000008005564       0x50 ./Core/Src/stm32f4xx_hal_msp.o
                0x0000000008005564                HAL_MspInit
 .text.HAL_InitTick
                0x00000000080055b4       0xb4 ./Core/Src/stm32f4xx_hal_timebase_tim.o
                0x00000000080055b4                HAL_InitTick
 .text.NMI_Handler
                0x0000000008005668        0x6 ./Core/Src/stm32f4xx_it.o
                0x0000000008005668                NMI_Handler
 .text.HardFault_Handler
                0x000000000800566e        0x6 ./Core/Src/stm32f4xx_it.o
                0x000000000800566e                HardFault_Handler
 .text.MemManage_Handler
                0x0000000008005674        0x6 ./Core/Src/stm32f4xx_it.o
                0x0000000008005674                MemManage_Handler
 .text.BusFault_Handler
                0x000000000800567a        0x6 ./Core/Src/stm32f4xx_it.o
                0x000000000800567a                BusFault_Handler
 .text.UsageFault_Handler
                0x0000000008005680        0x6 ./Core/Src/stm32f4xx_it.o
                0x0000000008005680                UsageFault_Handler
 .text.DebugMon_Handler
                0x0000000008005686        0xe ./Core/Src/stm32f4xx_it.o
                0x0000000008005686                DebugMon_Handler
 .text.EXTI15_10_IRQHandler
                0x0000000008005694       0x14 ./Core/Src/stm32f4xx_it.o
                0x0000000008005694                EXTI15_10_IRQHandler
 .text.TIM5_IRQHandler
                0x00000000080056a8       0x14 ./Core/Src/stm32f4xx_it.o
                0x00000000080056a8                TIM5_IRQHandler
 .text._read    0x00000000080056bc       0x3a ./Core/Src/syscalls.o
                0x00000000080056bc                _read
 .text._close   0x00000000080056f6       0x18 ./Core/Src/syscalls.o
                0x00000000080056f6                _close
 .text._fstat   0x000000000800570e       0x20 ./Core/Src/syscalls.o
                0x000000000800570e                _fstat
 .text._isatty  0x000000000800572e       0x16 ./Core/Src/syscalls.o
                0x000000000800572e                _isatty
 .text._lseek   0x0000000008005744       0x1a ./Core/Src/syscalls.o
                0x0000000008005744                _lseek
 *fill*         0x000000000800575e        0x2 
 .text._sbrk    0x0000000008005760       0x6c ./Core/Src/sysmem.o
                0x0000000008005760                _sbrk
 .text.SystemInit
                0x00000000080057cc       0x24 ./Core/Src/system_stm32f4xx.o
                0x00000000080057cc                SystemInit
 .text.Reset_Handler
                0x00000000080057f0       0x50 ./Core/Startup/startup_stm32f401retx.o
                0x00000000080057f0                Reset_Handler
 .text.Default_Handler
                0x0000000008005840        0x2 ./Core/Startup/startup_stm32f401retx.o
                0x0000000008005840                RTC_Alarm_IRQHandler
                0x0000000008005840                EXTI2_IRQHandler
                0x0000000008005840                SPI4_IRQHandler
                0x0000000008005840                TIM1_CC_IRQHandler
                0x0000000008005840                DMA2_Stream5_IRQHandler
                0x0000000008005840                DMA1_Stream5_IRQHandler
                0x0000000008005840                PVD_IRQHandler
                0x0000000008005840                SDIO_IRQHandler
                0x0000000008005840                TAMP_STAMP_IRQHandler
                0x0000000008005840                EXTI3_IRQHandler
                0x0000000008005840                TIM1_UP_TIM10_IRQHandler
                0x0000000008005840                I2C3_ER_IRQHandler
                0x0000000008005840                EXTI0_IRQHandler
                0x0000000008005840                I2C2_EV_IRQHandler
                0x0000000008005840                DMA1_Stream2_IRQHandler
                0x0000000008005840                FPU_IRQHandler
                0x0000000008005840                DMA2_Stream2_IRQHandler
                0x0000000008005840                SPI1_IRQHandler
                0x0000000008005840                TIM1_BRK_TIM9_IRQHandler
                0x0000000008005840                DMA2_Stream3_IRQHandler
                0x0000000008005840                USART6_IRQHandler
                0x0000000008005840                DMA2_Stream0_IRQHandler
                0x0000000008005840                TIM4_IRQHandler
                0x0000000008005840                I2C1_EV_IRQHandler
                0x0000000008005840                DMA1_Stream6_IRQHandler
                0x0000000008005840                DMA1_Stream1_IRQHandler
                0x0000000008005840                TIM3_IRQHandler
                0x0000000008005840                RCC_IRQHandler
                0x0000000008005840                Default_Handler
                0x0000000008005840                ADC_IRQHandler
                0x0000000008005840                DMA1_Stream7_IRQHandler
                0x0000000008005840                DMA2_Stream7_IRQHandler
                0x0000000008005840                I2C3_EV_IRQHandler
                0x0000000008005840                EXTI9_5_IRQHandler
                0x0000000008005840                RTC_WKUP_IRQHandler
                0x0000000008005840                SPI2_IRQHandler
                0x0000000008005840                DMA1_Stream0_IRQHandler
                0x0000000008005840                EXTI4_IRQHandler
                0x0000000008005840                WWDG_IRQHandler
                0x0000000008005840                TIM2_IRQHandler
                0x0000000008005840                OTG_FS_WKUP_IRQHandler
                0x0000000008005840                TIM1_TRG_COM_TIM11_IRQHandler
                0x0000000008005840                EXTI1_IRQHandler
                0x0000000008005840                USART2_IRQHandler
                0x0000000008005840                I2C2_ER_IRQHandler
                0x0000000008005840                DMA2_Stream1_IRQHandler
                0x0000000008005840                FLASH_IRQHandler
                0x0000000008005840                DMA2_Stream4_IRQHandler
                0x0000000008005840                USART1_IRQHandler
                0x0000000008005840                OTG_FS_IRQHandler
                0x0000000008005840                SPI3_IRQHandler
                0x0000000008005840                DMA1_Stream4_IRQHandler
                0x0000000008005840                I2C1_ER_IRQHandler
                0x0000000008005840                DMA2_Stream6_IRQHandler
                0x0000000008005840                DMA1_Stream3_IRQHandler
 *fill*         0x0000000008005842        0x2 
 .text.HAL_Init
                0x0000000008005844       0x44 ./Drivers/STM32F4xx_HAL_Driver/Src/stm32f4xx_hal.o
                0x0000000008005844                HAL_Init
 .text.HAL_IncTick
                0x0000000008005888       0x28 ./Drivers/STM32F4xx_HAL_Driver/Src/stm32f4xx_hal.o
                0x0000000008005888                HAL_IncTick
 .text.HAL_GetTick
                0x00000000080058b0       0x18 ./Drivers/STM32F4xx_HAL_Driver/Src/stm32f4xx_hal.o
                0x00000000080058b0                HAL_GetTick
 .text.__NVIC_SetPriorityGrouping
                0x00000000080058c8       0x48 ./Drivers/STM32F4xx_HAL_Driver/Src/stm32f4xx_hal_cortex.o
 .text.__NVIC_GetPriorityGrouping
                0x0000000008005910       0x1c ./Drivers/STM32F4xx_HAL_Driver/Src/stm32f4xx_hal_cortex.o
 .text.__NVIC_EnableIRQ
                0x000000000800592c       0x3c ./Drivers/STM32F4xx_HAL_Driver/Src/stm32f4xx_hal_cortex.o
 .text.__NVIC_SetPriority
                0x0000000008005968       0x54 ./Drivers/STM32F4xx_HAL_Driver/Src/stm32f4xx_hal_cortex.o
 .text.NVIC_EncodePriority
                0x00000000080059bc       0x66 ./Drivers/STM32F4xx_HAL_Driver/Src/stm32f4xx_hal_cortex.o
 .text.HAL_NVIC_SetPriorityGrouping
                0x0000000008005a22       0x16 ./Drivers/STM32F4xx_HAL_Driver/Src/stm32f4xx_hal_cortex.o
                0x0000000008005a22                HAL_NVIC_SetPriorityGrouping
 .text.HAL_NVIC_SetPriority
                0x0000000008005a38       0x38 ./Drivers/STM32F4xx_HAL_Driver/Src/stm32f4xx_hal_cortex.o
                0x0000000008005a38                HAL_NVIC_SetPriority
 .text.HAL_NVIC_EnableIRQ
                0x0000000008005a70       0x1c ./Drivers/STM32F4xx_HAL_Driver/Src/stm32f4xx_hal_cortex.o
                0x0000000008005a70                HAL_NVIC_EnableIRQ
 .text.HAL_GPIO_Init
                0x0000000008005a8c      0x308 ./Drivers/STM32F4xx_HAL_Driver/Src/stm32f4xx_hal_gpio.o
                0x0000000008005a8c                HAL_GPIO_Init
 .text.HAL_GPIO_WritePin
                0x0000000008005d94       0x32 ./Drivers/STM32F4xx_HAL_Driver/Src/stm32f4xx_hal_gpio.o
                0x0000000008005d94                HAL_GPIO_WritePin
 .text.HAL_GPIO_TogglePin
                0x0000000008005dc6       0x34 ./Drivers/STM32F4xx_HAL_Driver/Src/stm32f4xx_hal_gpio.o
                0x0000000008005dc6                HAL_GPIO_TogglePin
 *fill*         0x0000000008005dfa        0x2 
 .text.HAL_GPIO_EXTI_IRQHandler
                0x0000000008005dfc       0x30 ./Drivers/STM32F4xx_HAL_Driver/Src/stm32f4xx_hal_gpio.o
                0x0000000008005dfc                HAL_GPIO_EXTI_IRQHandler
 .text.HAL_GPIO_EXTI_Callback
                0x0000000008005e2c       0x16 ./Drivers/STM32F4xx_HAL_Driver/Src/stm32f4xx_hal_gpio.o
                0x0000000008005e2c                HAL_GPIO_EXTI_Callback
 *fill*         0x0000000008005e42        0x2 
 .text.HAL_RCC_OscConfig
                0x0000000008005e44      0x4f0 ./Drivers/STM32F4xx_HAL_Driver/Src/stm32f4xx_hal_rcc.o
                0x0000000008005e44                HAL_RCC_OscConfig
 .text.HAL_RCC_ClockConfig
                0x0000000008006334      0x1cc ./Drivers/STM32F4xx_HAL_Driver/Src/stm32f4xx_hal_rcc.o
                0x0000000008006334                HAL_RCC_ClockConfig
 .text.HAL_RCC_GetSysClockFreq
                0x0000000008006500      0x1c4 ./Drivers/STM32F4xx_HAL_Driver/Src/stm32f4xx_hal_rcc.o
                0x0000000008006500                HAL_RCC_GetSysClockFreq
 .text.HAL_RCC_GetHCLKFreq
                0x00000000080066c4       0x18 ./Drivers/STM32F4xx_HAL_Driver/Src/stm32f4xx_hal_rcc.o
                0x00000000080066c4                HAL_RCC_GetHCLKFreq
 .text.HAL_RCC_GetPCLK1Freq
                0x00000000080066dc       0x28 ./Drivers/STM32F4xx_HAL_Driver/Src/stm32f4xx_hal_rcc.o
                0x00000000080066dc                HAL_RCC_GetPCLK1Freq
 .text.HAL_RCC_GetClockConfig
                0x0000000008006704       0x64 ./Drivers/STM32F4xx_HAL_Driver/Src/stm32f4xx_hal_rcc.o
                0x0000000008006704                HAL_RCC_GetClockConfig
 .text.HAL_TIM_Base_Init
                0x0000000008006768       0x9e ./Drivers/STM32F4xx_HAL_Driver/Src/stm32f4xx_hal_tim.o
                0x0000000008006768                HAL_TIM_Base_Init
 .text.HAL_TIM_Base_MspInit
                0x0000000008006806       0x14 ./Drivers/STM32F4xx_HAL_Driver/Src/stm32f4xx_hal_tim.o
                0x0000000008006806                HAL_TIM_Base_MspInit
 *fill*         0x000000000800681a        0x2 
 .text.HAL_TIM_Base_Start_IT
                0x000000000800681c       0xc4 ./Drivers/STM32F4xx_HAL_Driver/Src/stm32f4xx_hal_tim.o
                0x000000000800681c                HAL_TIM_Base_Start_IT
 .text.HAL_TIM_IRQHandler
                0x00000000080068e0      0x210 ./Drivers/STM32F4xx_HAL_Driver/Src/stm32f4xx_hal_tim.o
                0x00000000080068e0                HAL_TIM_IRQHandler
 .text.HAL_TIM_OC_DelayElapsedCallback
                0x0000000008006af0       0x14 ./Drivers/STM32F4xx_HAL_Driver/Src/stm32f4xx_hal_tim.o
                0x0000000008006af0                HAL_TIM_OC_DelayElapsedCallback
 .text.HAL_TIM_IC_CaptureCallback
                0x0000000008006b04       0x14 ./Drivers/STM32F4xx_HAL_Driver/Src/stm32f4xx_hal_tim.o
                0x0000000008006b04                HAL_TIM_IC_CaptureCallback
 .text.HAL_TIM_PWM_PulseFinishedCallback
                0x0000000008006b18       0x14 ./Drivers/STM32F4xx_HAL_Driver/Src/stm32f4xx_hal_tim.o
                0x0000000008006b18                HAL_TIM_PWM_PulseFinishedCallback
 .text.HAL_TIM_TriggerCallback
                0x0000000008006b2c       0x14 ./Drivers/STM32F4xx_HAL_Driver/Src/stm32f4xx_hal_tim.o
                0x0000000008006b2c                HAL_TIM_TriggerCallback
 .text.TIM_Base_SetConfig
                0x0000000008006b40      0x100 ./Drivers/STM32F4xx_HAL_Driver/Src/stm32f4xx_hal_tim.o
                0x0000000008006b40                TIM_Base_SetConfig
 .text.HAL_TIMEx_CommutCallback
                0x0000000008006c40       0x14 ./Drivers/STM32F4xx_HAL_Driver/Src/stm32f4xx_hal_tim_ex.o
                0x0000000008006c40                HAL_TIMEx_CommutCallback
 .text.HAL_TIMEx_BreakCallback
                0x0000000008006c54       0x14 ./Drivers/STM32F4xx_HAL_Driver/Src/stm32f4xx_hal_tim_ex.o
                0x0000000008006c54                HAL_TIMEx_BreakCallback
 .text.__errno  0x0000000008006c68        0xc /opt/st/stm32cubeide_1.7.0/plugins/com.st.stm32cube.ide.mcu.externaltools.gnu-tools-for-stm32.9-2020-q2-update.linux64_2.0.0.202105311346/tools/bin/../lib/gcc/arm-none-eabi/9.3.1/../../../../arm-none-eabi/lib/thumb/v7e-m+fp/hard/libc_nano.a(lib_a-errno.o)
                0x0000000008006c68                __errno
 .text.__libc_init_array
                0x0000000008006c74       0x48 /opt/st/stm32cubeide_1.7.0/plugins/com.st.stm32cube.ide.mcu.externaltools.gnu-tools-for-stm32.9-2020-q2-update.linux64_2.0.0.202105311346/tools/bin/../lib/gcc/arm-none-eabi/9.3.1/../../../../arm-none-eabi/lib/thumb/v7e-m+fp/hard/libc_nano.a(lib_a-init.o)
                0x0000000008006c74                __libc_init_array
 .text.memcmp   0x0000000008006cbc       0x1c /opt/st/stm32cubeide_1.7.0/plugins/com.st.stm32cube.ide.mcu.externaltools.gnu-tools-for-stm32.9-2020-q2-update.linux64_2.0.0.202105311346/tools/bin/../lib/gcc/arm-none-eabi/9.3.1/../../../../arm-none-eabi/lib/thumb/v7e-m+fp/hard/libc_nano.a(lib_a-memcmp.o)
                0x0000000008006cbc                memcmp
 .text.memcpy   0x0000000008006cd8       0x1c /opt/st/stm32cubeide_1.7.0/plugins/com.st.stm32cube.ide.mcu.externaltools.gnu-tools-for-stm32.9-2020-q2-update.linux64_2.0.0.202105311346/tools/bin/../lib/gcc/arm-none-eabi/9.3.1/../../../../arm-none-eabi/lib/thumb/v7e-m+fp/hard/libc_nano.a(lib_a-memcpy-stub.o)
                0x0000000008006cd8                memcpy
 .text.memset   0x0000000008006cf4       0x10 /opt/st/stm32cubeide_1.7.0/plugins/com.st.stm32cube.ide.mcu.externaltools.gnu-tools-for-stm32.9-2020-q2-update.linux64_2.0.0.202105311346/tools/bin/../lib/gcc/arm-none-eabi/9.3.1/../../../../arm-none-eabi/lib/thumb/v7e-m+fp/hard/libc_nano.a(lib_a-memset.o)
                0x0000000008006cf4                memset
 .text.printf   0x0000000008006d04       0x30 /opt/st/stm32cubeide_1.7.0/plugins/com.st.stm32cube.ide.mcu.externaltools.gnu-tools-for-stm32.9-2020-q2-update.linux64_2.0.0.202105311346/tools/bin/../lib/gcc/arm-none-eabi/9.3.1/../../../../arm-none-eabi/lib/thumb/v7e-m+fp/hard/libc_nano.a(lib_a-printf.o)
                0x0000000008006d04                printf
                0x0000000008006d04                iprintf
 .text.std      0x0000000008006d34       0x48 /opt/st/stm32cubeide_1.7.0/plugins/com.st.stm32cube.ide.mcu.externaltools.gnu-tools-for-stm32.9-2020-q2-update.linux64_2.0.0.202105311346/tools/bin/../lib/gcc/arm-none-eabi/9.3.1/../../../../arm-none-eabi/lib/thumb/v7e-m+fp/hard/libc_nano.a(lib_a-findfp.o)
 .text._cleanup_r
                0x0000000008006d7c        0xc /opt/st/stm32cubeide_1.7.0/plugins/com.st.stm32cube.ide.mcu.externaltools.gnu-tools-for-stm32.9-2020-q2-update.linux64_2.0.0.202105311346/tools/bin/../lib/gcc/arm-none-eabi/9.3.1/../../../../arm-none-eabi/lib/thumb/v7e-m+fp/hard/libc_nano.a(lib_a-findfp.o)
                0x0000000008006d7c                _cleanup_r
 .text.__sfmoreglue
                0x0000000008006d88       0x2c /opt/st/stm32cubeide_1.7.0/plugins/com.st.stm32cube.ide.mcu.externaltools.gnu-tools-for-stm32.9-2020-q2-update.linux64_2.0.0.202105311346/tools/bin/../lib/gcc/arm-none-eabi/9.3.1/../../../../arm-none-eabi/lib/thumb/v7e-m+fp/hard/libc_nano.a(lib_a-findfp.o)
                0x0000000008006d88                __sfmoreglue
 .text.__sfp_lock_acquire
                0x0000000008006db4        0xc /opt/st/stm32cubeide_1.7.0/plugins/com.st.stm32cube.ide.mcu.externaltools.gnu-tools-for-stm32.9-2020-q2-update.linux64_2.0.0.202105311346/tools/bin/../lib/gcc/arm-none-eabi/9.3.1/../../../../arm-none-eabi/lib/thumb/v7e-m+fp/hard/libc_nano.a(lib_a-findfp.o)
                0x0000000008006db4                __sfp_lock_acquire
 .text.__sfp_lock_release
                0x0000000008006dc0        0xc /opt/st/stm32cubeide_1.7.0/plugins/com.st.stm32cube.ide.mcu.externaltools.gnu-tools-for-stm32.9-2020-q2-update.linux64_2.0.0.202105311346/tools/bin/../lib/gcc/arm-none-eabi/9.3.1/../../../../arm-none-eabi/lib/thumb/v7e-m+fp/hard/libc_nano.a(lib_a-findfp.o)
                0x0000000008006dc0                __sfp_lock_release
 .text.__sinit_lock_acquire
                0x0000000008006dcc        0xc /opt/st/stm32cubeide_1.7.0/plugins/com.st.stm32cube.ide.mcu.externaltools.gnu-tools-for-stm32.9-2020-q2-update.linux64_2.0.0.202105311346/tools/bin/../lib/gcc/arm-none-eabi/9.3.1/../../../../arm-none-eabi/lib/thumb/v7e-m+fp/hard/libc_nano.a(lib_a-findfp.o)
                0x0000000008006dcc                __sinit_lock_acquire
 .text.__sinit_lock_release
                0x0000000008006dd8        0xc /opt/st/stm32cubeide_1.7.0/plugins/com.st.stm32cube.ide.mcu.externaltools.gnu-tools-for-stm32.9-2020-q2-update.linux64_2.0.0.202105311346/tools/bin/../lib/gcc/arm-none-eabi/9.3.1/../../../../arm-none-eabi/lib/thumb/v7e-m+fp/hard/libc_nano.a(lib_a-findfp.o)
                0x0000000008006dd8                __sinit_lock_release
 .text.__sinit  0x0000000008006de4       0x70 /opt/st/stm32cubeide_1.7.0/plugins/com.st.stm32cube.ide.mcu.externaltools.gnu-tools-for-stm32.9-2020-q2-update.linux64_2.0.0.202105311346/tools/bin/../lib/gcc/arm-none-eabi/9.3.1/../../../../arm-none-eabi/lib/thumb/v7e-m+fp/hard/libc_nano.a(lib_a-findfp.o)
                0x0000000008006de4                __sinit
 .text.__sfp    0x0000000008006e54       0x8c /opt/st/stm32cubeide_1.7.0/plugins/com.st.stm32cube.ide.mcu.externaltools.gnu-tools-for-stm32.9-2020-q2-update.linux64_2.0.0.202105311346/tools/bin/../lib/gcc/arm-none-eabi/9.3.1/../../../../arm-none-eabi/lib/thumb/v7e-m+fp/hard/libc_nano.a(lib_a-findfp.o)
                0x0000000008006e54                __sfp
 .text._fwalk_reent
                0x0000000008006ee0       0x3e /opt/st/stm32cubeide_1.7.0/plugins/com.st.stm32cube.ide.mcu.externaltools.gnu-tools-for-stm32.9-2020-q2-update.linux64_2.0.0.202105311346/tools/bin/../lib/gcc/arm-none-eabi/9.3.1/../../../../arm-none-eabi/lib/thumb/v7e-m+fp/hard/libc_nano.a(lib_a-fwalk.o)
                0x0000000008006ee0                _fwalk_reent
 .text.__retarget_lock_init_recursive
                0x0000000008006f1e        0x2 /opt/st/stm32cubeide_1.7.0/plugins/com.st.stm32cube.ide.mcu.externaltools.gnu-tools-for-stm32.9-2020-q2-update.linux64_2.0.0.202105311346/tools/bin/../lib/gcc/arm-none-eabi/9.3.1/../../../../arm-none-eabi/lib/thumb/v7e-m+fp/hard/libc_nano.a(lib_a-lock.o)
                0x0000000008006f1e                __retarget_lock_init_recursive
 .text.__retarget_lock_acquire_recursive
                0x0000000008006f20        0x2 /opt/st/stm32cubeide_1.7.0/plugins/com.st.stm32cube.ide.mcu.externaltools.gnu-tools-for-stm32.9-2020-q2-update.linux64_2.0.0.202105311346/tools/bin/../lib/gcc/arm-none-eabi/9.3.1/../../../../arm-none-eabi/lib/thumb/v7e-m+fp/hard/libc_nano.a(lib_a-lock.o)
                0x0000000008006f20                __retarget_lock_acquire_recursive
 .text.__retarget_lock_release_recursive
                0x0000000008006f22        0x2 /opt/st/stm32cubeide_1.7.0/plugins/com.st.stm32cube.ide.mcu.externaltools.gnu-tools-for-stm32.9-2020-q2-update.linux64_2.0.0.202105311346/tools/bin/../lib/gcc/arm-none-eabi/9.3.1/../../../../arm-none-eabi/lib/thumb/v7e-m+fp/hard/libc_nano.a(lib_a-lock.o)
                0x0000000008006f22                __retarget_lock_release_recursive
 .text._malloc_r
                0x0000000008006f24       0xb4 /opt/st/stm32cubeide_1.7.0/plugins/com.st.stm32cube.ide.mcu.externaltools.gnu-tools-for-stm32.9-2020-q2-update.linux64_2.0.0.202105311346/tools/bin/../lib/gcc/arm-none-eabi/9.3.1/../../../../arm-none-eabi/lib/thumb/v7e-m+fp/hard/libc_nano.a(lib_a-nano-mallocr.o)
                0x0000000008006f24                _malloc_r
 .text.__sfputc_r
                0x0000000008006fd8       0x2e /opt/st/stm32cubeide_1.7.0/plugins/com.st.stm32cube.ide.mcu.externaltools.gnu-tools-for-stm32.9-2020-q2-update.linux64_2.0.0.202105311346/tools/bin/../lib/gcc/arm-none-eabi/9.3.1/../../../../arm-none-eabi/lib/thumb/v7e-m+fp/hard/libc_nano.a(lib_a-nano-vfprintf.o)
 .text.__sfputs_r
                0x0000000008007006       0x24 /opt/st/stm32cubeide_1.7.0/plugins/com.st.stm32cube.ide.mcu.externaltools.gnu-tools-for-stm32.9-2020-q2-update.linux64_2.0.0.202105311346/tools/bin/../lib/gcc/arm-none-eabi/9.3.1/../../../../arm-none-eabi/lib/thumb/v7e-m+fp/hard/libc_nano.a(lib_a-nano-vfprintf.o)
                0x0000000008007006                __sfputs_r
 *fill*         0x000000000800702a        0x2 
 .text._vfprintf_r
                0x000000000800702c      0x260 /opt/st/stm32cubeide_1.7.0/plugins/com.st.stm32cube.ide.mcu.externaltools.gnu-tools-for-stm32.9-2020-q2-update.linux64_2.0.0.202105311346/tools/bin/../lib/gcc/arm-none-eabi/9.3.1/../../../../arm-none-eabi/lib/thumb/v7e-m+fp/hard/libc_nano.a(lib_a-nano-vfprintf.o)
                0x000000000800702c                _vfiprintf_r
                0x000000000800702c                _vfprintf_r
 .text._printf_common
                0x000000000800728c       0xda /opt/st/stm32cubeide_1.7.0/plugins/com.st.stm32cube.ide.mcu.externaltools.gnu-tools-for-stm32.9-2020-q2-update.linux64_2.0.0.202105311346/tools/bin/../lib/gcc/arm-none-eabi/9.3.1/../../../../arm-none-eabi/lib/thumb/v7e-m+fp/hard/libc_nano.a(lib_a-nano-vfprintf_i.o)
                0x000000000800728c                _printf_common
 *fill*         0x0000000008007366        0x2 
 .text._printf_i
                0x0000000008007368      0x24c /opt/st/stm32cubeide_1.7.0/plugins/com.st.stm32cube.ide.mcu.externaltools.gnu-tools-for-stm32.9-2020-q2-update.linux64_2.0.0.202105311346/tools/bin/../lib/gcc/arm-none-eabi/9.3.1/../../../../arm-none-eabi/lib/thumb/v7e-m+fp/hard/libc_nano.a(lib_a-nano-vfprintf_i.o)
                0x0000000008007368                _printf_i
 .text._sbrk_r  0x00000000080075b4       0x20 /opt/st/stm32cubeide_1.7.0/plugins/com.st.stm32cube.ide.mcu.externaltools.gnu-tools-for-stm32.9-2020-q2-update.linux64_2.0.0.202105311346/tools/bin/../lib/gcc/arm-none-eabi/9.3.1/../../../../arm-none-eabi/lib/thumb/v7e-m+fp/hard/libc_nano.a(lib_a-sbrkr.o)
                0x00000000080075b4                _sbrk_r
 .text.__sread  0x00000000080075d4       0x22 /opt/st/stm32cubeide_1.7.0/plugins/com.st.stm32cube.ide.mcu.externaltools.gnu-tools-for-stm32.9-2020-q2-update.linux64_2.0.0.202105311346/tools/bin/../lib/gcc/arm-none-eabi/9.3.1/../../../../arm-none-eabi/lib/thumb/v7e-m+fp/hard/libc_nano.a(lib_a-stdio.o)
                0x00000000080075d4                __sread
 .text.__swrite
                0x00000000080075f6       0x38 /opt/st/stm32cubeide_1.7.0/plugins/com.st.stm32cube.ide.mcu.externaltools.gnu-tools-for-stm32.9-2020-q2-update.linux64_2.0.0.202105311346/tools/bin/../lib/gcc/arm-none-eabi/9.3.1/../../../../arm-none-eabi/lib/thumb/v7e-m+fp/hard/libc_nano.a(lib_a-stdio.o)
                0x00000000080075f6                __swrite
 .text.__sseek  0x000000000800762e       0x24 /opt/st/stm32cubeide_1.7.0/plugins/com.st.stm32cube.ide.mcu.externaltools.gnu-tools-for-stm32.9-2020-q2-update.linux64_2.0.0.202105311346/tools/bin/../lib/gcc/arm-none-eabi/9.3.1/../../../../arm-none-eabi/lib/thumb/v7e-m+fp/hard/libc_nano.a(lib_a-stdio.o)
                0x000000000800762e                __sseek
 .text.__sclose
                0x0000000008007652        0x8 /opt/st/stm32cubeide_1.7.0/plugins/com.st.stm32cube.ide.mcu.externaltools.gnu-tools-for-stm32.9-2020-q2-update.linux64_2.0.0.202105311346/tools/bin/../lib/gcc/arm-none-eabi/9.3.1/../../../../arm-none-eabi/lib/thumb/v7e-m+fp/hard/libc_nano.a(lib_a-stdio.o)
                0x0000000008007652                __sclose
 *fill*         0x000000000800765a        0x2 
 .text.__swbuf_r
                0x000000000800765c       0xa4 /opt/st/stm32cubeide_1.7.0/plugins/com.st.stm32cube.ide.mcu.externaltools.gnu-tools-for-stm32.9-2020-q2-update.linux64_2.0.0.202105311346/tools/bin/../lib/gcc/arm-none-eabi/9.3.1/../../../../arm-none-eabi/lib/thumb/v7e-m+fp/hard/libc_nano.a(lib_a-wbuf.o)
                0x000000000800765c                __swbuf_r
 .text.__swsetup_r
                0x0000000008007700       0xdc /opt/st/stm32cubeide_1.7.0/plugins/com.st.stm32cube.ide.mcu.externaltools.gnu-tools-for-stm32.9-2020-q2-update.linux64_2.0.0.202105311346/tools/bin/../lib/gcc/arm-none-eabi/9.3.1/../../../../arm-none-eabi/lib/thumb/v7e-m+fp/hard/libc_nano.a(lib_a-wsetup.o)
                0x0000000008007700                __swsetup_r
 .text._close_r
                0x00000000080077dc       0x20 /opt/st/stm32cubeide_1.7.0/plugins/com.st.stm32cube.ide.mcu.externaltools.gnu-tools-for-stm32.9-2020-q2-update.linux64_2.0.0.202105311346/tools/bin/../lib/gcc/arm-none-eabi/9.3.1/../../../../arm-none-eabi/lib/thumb/v7e-m+fp/hard/libc_nano.a(lib_a-closer.o)
                0x00000000080077dc                _close_r
 .text.__sflush_r
                0x00000000080077fc      0x10c /opt/st/stm32cubeide_1.7.0/plugins/com.st.stm32cube.ide.mcu.externaltools.gnu-tools-for-stm32.9-2020-q2-update.linux64_2.0.0.202105311346/tools/bin/../lib/gcc/arm-none-eabi/9.3.1/../../../../arm-none-eabi/lib/thumb/v7e-m+fp/hard/libc_nano.a(lib_a-fflush.o)
                0x00000000080077fc                __sflush_r
 .text._fflush_r
                0x0000000008007908       0x78 /opt/st/stm32cubeide_1.7.0/plugins/com.st.stm32cube.ide.mcu.externaltools.gnu-tools-for-stm32.9-2020-q2-update.linux64_2.0.0.202105311346/tools/bin/../lib/gcc/arm-none-eabi/9.3.1/../../../../arm-none-eabi/lib/thumb/v7e-m+fp/hard/libc_nano.a(lib_a-fflush.o)
                0x0000000008007908                _fflush_r
 .text._lseek_r
                0x0000000008007980       0x24 /opt/st/stm32cubeide_1.7.0/plugins/com.st.stm32cube.ide.mcu.externaltools.gnu-tools-for-stm32.9-2020-q2-update.linux64_2.0.0.202105311346/tools/bin/../lib/gcc/arm-none-eabi/9.3.1/../../../../arm-none-eabi/lib/thumb/v7e-m+fp/hard/libc_nano.a(lib_a-lseekr.o)
                0x0000000008007980                _lseek_r
 .text.__swhatbuf_r
                0x00000000080079a4       0x48 /opt/st/stm32cubeide_1.7.0/plugins/com.st.stm32cube.ide.mcu.externaltools.gnu-tools-for-stm32.9-2020-q2-update.linux64_2.0.0.202105311346/tools/bin/../lib/gcc/arm-none-eabi/9.3.1/../../../../arm-none-eabi/lib/thumb/v7e-m+fp/hard/libc_nano.a(lib_a-makebuf.o)
                0x00000000080079a4                __swhatbuf_r
 .text.__smakebuf_r
                0x00000000080079ec       0x80 /opt/st/stm32cubeide_1.7.0/plugins/com.st.stm32cube.ide.mcu.externaltools.gnu-tools-for-stm32.9-2020-q2-update.linux64_2.0.0.202105311346/tools/bin/../lib/gcc/arm-none-eabi/9.3.1/../../../../arm-none-eabi/lib/thumb/v7e-m+fp/hard/libc_nano.a(lib_a-makebuf.o)
                0x00000000080079ec                __smakebuf_r
 .text.__malloc_lock
                0x0000000008007a6c        0xc /opt/st/stm32cubeide_1.7.0/plugins/com.st.stm32cube.ide.mcu.externaltools.gnu-tools-for-stm32.9-2020-q2-update.linux64_2.0.0.202105311346/tools/bin/../lib/gcc/arm-none-eabi/9.3.1/../../../../arm-none-eabi/lib/thumb/v7e-m+fp/hard/libc_nano.a(lib_a-mlock.o)
                0x0000000008007a6c                __malloc_lock
 .text.__malloc_unlock
                0x0000000008007a78        0xc /opt/st/stm32cubeide_1.7.0/plugins/com.st.stm32cube.ide.mcu.externaltools.gnu-tools-for-stm32.9-2020-q2-update.linux64_2.0.0.202105311346/tools/bin/../lib/gcc/arm-none-eabi/9.3.1/../../../../arm-none-eabi/lib/thumb/v7e-m+fp/hard/libc_nano.a(lib_a-mlock.o)
                0x0000000008007a78                __malloc_unlock
 .text._free_r  0x0000000008007a84       0xa0 /opt/st/stm32cubeide_1.7.0/plugins/com.st.stm32cube.ide.mcu.externaltools.gnu-tools-for-stm32.9-2020-q2-update.linux64_2.0.0.202105311346/tools/bin/../lib/gcc/arm-none-eabi/9.3.1/../../../../arm-none-eabi/lib/thumb/v7e-m+fp/hard/libc_nano.a(lib_a-nano-freer.o)
                0x0000000008007a84                _free_r
 .text._read_r  0x0000000008007b24       0x24 /opt/st/stm32cubeide_1.7.0/plugins/com.st.stm32cube.ide.mcu.externaltools.gnu-tools-for-stm32.9-2020-q2-update.linux64_2.0.0.202105311346/tools/bin/../lib/gcc/arm-none-eabi/9.3.1/../../../../arm-none-eabi/lib/thumb/v7e-m+fp/hard/libc_nano.a(lib_a-readr.o)
                0x0000000008007b24                _read_r
 .text._fstat_r
                0x0000000008007b48       0x24 /opt/st/stm32cubeide_1.7.0/plugins/com.st.stm32cube.ide.mcu.externaltools.gnu-tools-for-stm32.9-2020-q2-update.linux64_2.0.0.202105311346/tools/bin/../lib/gcc/arm-none-eabi/9.3.1/../../../../arm-none-eabi/lib/thumb/v7e-m+fp/hard/libc_nano.a(lib_a-fstatr.o)
                0x0000000008007b48                _fstat_r
 .text._isatty_r
                0x0000000008007b6c       0x20 /opt/st/stm32cubeide_1.7.0/plugins/com.st.stm32cube.ide.mcu.externaltools.gnu-tools-for-stm32.9-2020-q2-update.linux64_2.0.0.202105311346/tools/bin/../lib/gcc/arm-none-eabi/9.3.1/../../../../arm-none-eabi/lib/thumb/v7e-m+fp/hard/libc_nano.a(lib_a-isattyr.o)
                0x0000000008007b6c                _isatty_r
 *(.glue_7)
 .glue_7        0x0000000008007b8c        0x0 linker stubs
 *(.glue_7t)
 .glue_7t       0x0000000008007b8c        0x0 linker stubs
 *(.eh_frame)
 .eh_frame      0x0000000008007b8c        0x0 /opt/st/stm32cubeide_1.7.0/plugins/com.st.stm32cube.ide.mcu.externaltools.gnu-tools-for-stm32.9-2020-q2-update.linux64_2.0.0.202105311346/tools/bin/../lib/gcc/arm-none-eabi/9.3.1/thumb/v7e-m+fp/hard/crtbegin.o
 *(.init)
 .init          0x0000000008007b8c        0x4 /opt/st/stm32cubeide_1.7.0/plugins/com.st.stm32cube.ide.mcu.externaltools.gnu-tools-for-stm32.9-2020-q2-update.linux64_2.0.0.202105311346/tools/bin/../lib/gcc/arm-none-eabi/9.3.1/thumb/v7e-m+fp/hard/crti.o
                0x0000000008007b8c                _init
 .init          0x0000000008007b90        0x8 /opt/st/stm32cubeide_1.7.0/plugins/com.st.stm32cube.ide.mcu.externaltools.gnu-tools-for-stm32.9-2020-q2-update.linux64_2.0.0.202105311346/tools/bin/../lib/gcc/arm-none-eabi/9.3.1/thumb/v7e-m+fp/hard/crtn.o
 *(.fini)
 .fini          0x0000000008007b98        0x4 /opt/st/stm32cubeide_1.7.0/plugins/com.st.stm32cube.ide.mcu.externaltools.gnu-tools-for-stm32.9-2020-q2-update.linux64_2.0.0.202105311346/tools/bin/../lib/gcc/arm-none-eabi/9.3.1/thumb/v7e-m+fp/hard/crti.o
                0x0000000008007b98                _fini
 .fini          0x0000000008007b9c        0x8 /opt/st/stm32cubeide_1.7.0/plugins/com.st.stm32cube.ide.mcu.externaltools.gnu-tools-for-stm32.9-2020-q2-update.linux64_2.0.0.202105311346/tools/bin/../lib/gcc/arm-none-eabi/9.3.1/thumb/v7e-m+fp/hard/crtn.o
                0x0000000008007ba4                . = ALIGN (0x4)
                0x0000000008007ba4                _etext = .

.vfp11_veneer   0x0000000008007ba4        0x0
 .vfp11_veneer  0x0000000008007ba4        0x0 linker stubs

.v4_bx          0x0000000008007ba4        0x0
 .v4_bx         0x0000000008007ba4        0x0 linker stubs

.iplt           0x0000000008007ba4        0x0
 .iplt          0x0000000008007ba4        0x0 /opt/st/stm32cubeide_1.7.0/plugins/com.st.stm32cube.ide.mcu.externaltools.gnu-tools-for-stm32.9-2020-q2-update.linux64_2.0.0.202105311346/tools/bin/../lib/gcc/arm-none-eabi/9.3.1/thumb/v7e-m+fp/hard/crtbegin.o

.rodata         0x0000000008007ba4      0x1ec
                0x0000000008007ba4                . = ALIGN (0x4)
 *(.rodata)
 .rodata        0x0000000008007ba4        0x5 ./Common/FreeRTOS/tasks.o
 *fill*         0x0000000008007ba9        0x3 
 .rodata        0x0000000008007bac        0xd ./Common/FreeRTOS/timers.o
 *fill*         0x0000000008007bb9        0x3 
 .rodata        0x0000000008007bbc       0x49 ./Common/SEGGER/Config/SEGGER_SYSVIEW_Config_FreeRTOS.o
 *fill*         0x0000000008007c05        0x3 
 .rodata        0x0000000008007c08       0x58 ./Common/SEGGER/OS/SEGGER_SYSVIEW_FreeRTOS.o
 .rodata        0x0000000008007c60       0x17 ./Common/SEGGER/SEGGER/SEGGER_RTT.o
 *fill*         0x0000000008007c77        0x1 
 .rodata        0x0000000008007c78        0x8 ./Common/SEGGER/SEGGER/SEGGER_SYSVIEW.o
 .rodata        0x0000000008007c80       0x4a ./Core/Src/main.o
 *(.rodata*)
 *fill*         0x0000000008007cca        0x2 
 .rodata.SYSVIEW_X_OS_TraceAPI
                0x0000000008007ccc        0x8 ./Common/SEGGER/OS/SEGGER_SYSVIEW_FreeRTOS.o
                0x0000000008007ccc                SYSVIEW_X_OS_TraceAPI
 .rodata._abSync
                0x0000000008007cd4        0xa ./Common/SEGGER/SEGGER/SEGGER_SYSVIEW.o
 *fill*         0x0000000008007cde        0x2 
 .rodata.AHBPrescTable
                0x0000000008007ce0       0x10 ./Core/Src/system_stm32f4xx.o
                0x0000000008007ce0                AHBPrescTable
 .rodata.APBPrescTable
                0x0000000008007cf0        0x8 ./Core/Src/system_stm32f4xx.o
                0x0000000008007cf0                APBPrescTable
 .rodata._global_impure_ptr
                0x0000000008007cf8        0x4 /opt/st/stm32cubeide_1.7.0/plugins/com.st.stm32cube.ide.mcu.externaltools.gnu-tools-for-stm32.9-2020-q2-update.linux64_2.0.0.202105311346/tools/bin/../lib/gcc/arm-none-eabi/9.3.1/../../../../arm-none-eabi/lib/thumb/v7e-m+fp/hard/libc_nano.a(lib_a-impure.o)
                0x0000000008007cf8                _global_impure_ptr
 .rodata.__sf_fake_stderr
                0x0000000008007cfc       0x20 /opt/st/stm32cubeide_1.7.0/plugins/com.st.stm32cube.ide.mcu.externaltools.gnu-tools-for-stm32.9-2020-q2-update.linux64_2.0.0.202105311346/tools/bin/../lib/gcc/arm-none-eabi/9.3.1/../../../../arm-none-eabi/lib/thumb/v7e-m+fp/hard/libc_nano.a(lib_a-findfp.o)
                0x0000000008007cfc                __sf_fake_stderr
 .rodata.__sf_fake_stdin
                0x0000000008007d1c       0x20 /opt/st/stm32cubeide_1.7.0/plugins/com.st.stm32cube.ide.mcu.externaltools.gnu-tools-for-stm32.9-2020-q2-update.linux64_2.0.0.202105311346/tools/bin/../lib/gcc/arm-none-eabi/9.3.1/../../../../arm-none-eabi/lib/thumb/v7e-m+fp/hard/libc_nano.a(lib_a-findfp.o)
                0x0000000008007d1c                __sf_fake_stdin
 .rodata.__sf_fake_stdout
                0x0000000008007d3c       0x20 /opt/st/stm32cubeide_1.7.0/plugins/com.st.stm32cube.ide.mcu.externaltools.gnu-tools-for-stm32.9-2020-q2-update.linux64_2.0.0.202105311346/tools/bin/../lib/gcc/arm-none-eabi/9.3.1/../../../../arm-none-eabi/lib/thumb/v7e-m+fp/hard/libc_nano.a(lib_a-findfp.o)
                0x0000000008007d3c                __sf_fake_stdout
 .rodata._vfprintf_r.str1.1
                0x0000000008007d5c       0x11 /opt/st/stm32cubeide_1.7.0/plugins/com.st.stm32cube.ide.mcu.externaltools.gnu-tools-for-stm32.9-2020-q2-update.linux64_2.0.0.202105311346/tools/bin/../lib/gcc/arm-none-eabi/9.3.1/../../../../arm-none-eabi/lib/thumb/v7e-m+fp/hard/libc_nano.a(lib_a-nano-vfprintf.o)
 .rodata._printf_i.str1.1
                0x0000000008007d6d       0x22 /opt/st/stm32cubeide_1.7.0/plugins/com.st.stm32cube.ide.mcu.externaltools.gnu-tools-for-stm32.9-2020-q2-update.linux64_2.0.0.202105311346/tools/bin/../lib/gcc/arm-none-eabi/9.3.1/../../../../arm-none-eabi/lib/thumb/v7e-m+fp/hard/libc_nano.a(lib_a-nano-vfprintf_i.o)
                0x0000000008007d90                . = ALIGN (0x4)
 *fill*         0x0000000008007d8f        0x1 

.ARM.extab      0x0000000008007d90        0x0
                0x0000000008007d90                . = ALIGN (0x4)
 *(.ARM.extab* .gnu.linkonce.armextab.*)
                0x0000000008007d90                . = ALIGN (0x4)

.ARM            0x0000000008007d90        0x8
                0x0000000008007d90                . = ALIGN (0x4)
                0x0000000008007d90                __exidx_start = .
 *(.ARM.exidx*)
 .ARM.exidx     0x0000000008007d90        0x8 /opt/st/stm32cubeide_1.7.0/plugins/com.st.stm32cube.ide.mcu.externaltools.gnu-tools-for-stm32.9-2020-q2-update.linux64_2.0.0.202105311346/tools/bin/../lib/gcc/arm-none-eabi/9.3.1/thumb/v7e-m+fp/hard/libgcc.a(_udivmoddi4.o)
                0x0000000008007d98                __exidx_end = .
                0x0000000008007d98                . = ALIGN (0x4)

.rel.dyn        0x0000000008007d98        0x0
 .rel.iplt      0x0000000008007d98        0x0 /opt/st/stm32cubeide_1.7.0/plugins/com.st.stm32cube.ide.mcu.externaltools.gnu-tools-for-stm32.9-2020-q2-update.linux64_2.0.0.202105311346/tools/bin/../lib/gcc/arm-none-eabi/9.3.1/thumb/v7e-m+fp/hard/crtbegin.o

.preinit_array  0x0000000008007d98        0x0
                0x0000000008007d98                . = ALIGN (0x4)
                0x0000000008007d98                PROVIDE (__preinit_array_start = .)
 *(.preinit_array*)
                0x0000000008007d98                PROVIDE (__preinit_array_end = .)
                0x0000000008007d98                . = ALIGN (0x4)

.init_array     0x0000000008007d98        0x4
                0x0000000008007d98                . = ALIGN (0x4)
                0x0000000008007d98                PROVIDE (__init_array_start = .)
 *(SORT_BY_NAME(.init_array.*))
 *(.init_array*)
 .init_array    0x0000000008007d98        0x4 /opt/st/stm32cubeide_1.7.0/plugins/com.st.stm32cube.ide.mcu.externaltools.gnu-tools-for-stm32.9-2020-q2-update.linux64_2.0.0.202105311346/tools/bin/../lib/gcc/arm-none-eabi/9.3.1/thumb/v7e-m+fp/hard/crtbegin.o
                0x0000000008007d9c                PROVIDE (__init_array_end = .)
                0x0000000008007d9c                . = ALIGN (0x4)

.fini_array     0x0000000008007d9c        0x4
                0x0000000008007d9c                . = ALIGN (0x4)
                [!provide]                        PROVIDE (__fini_array_start = .)
 *(SORT_BY_NAME(.fini_array.*))
 *(.fini_array*)
 .fini_array    0x0000000008007d9c        0x4 /opt/st/stm32cubeide_1.7.0/plugins/com.st.stm32cube.ide.mcu.externaltools.gnu-tools-for-stm32.9-2020-q2-update.linux64_2.0.0.202105311346/tools/bin/../lib/gcc/arm-none-eabi/9.3.1/thumb/v7e-m+fp/hard/crtbegin.o
                [!provide]                        PROVIDE (__fini_array_end = .)
                0x0000000008007da0                . = ALIGN (0x4)
                0x0000000008007da0                _sidata = LOADADDR (.data)

.data           0x0000000020000000       0x78 load address 0x0000000008007da0
                0x0000000020000000                . = ALIGN (0x4)
                0x0000000020000000                _sdata = .
 *(.data)
 *(.data*)
 .data.uxTopUsedPriority
                0x0000000020000000        0x4 ./Common/FreeRTOS/tasks.o
                0x0000000020000000                uxTopUsedPriority
 .data.uxCriticalNesting
                0x0000000020000004        0x4 ./Common/FreeRTOS/portable/GCC/ARM_CM4F/port.o
 .data.SystemCoreClock
                0x0000000020000008        0x4 ./Core/Src/system_stm32f4xx.o
                0x0000000020000008                SystemCoreClock
 .data.uwTickPrio
                0x000000002000000c        0x4 ./Drivers/STM32F4xx_HAL_Driver/Src/stm32f4xx_hal.o
                0x000000002000000c                uwTickPrio
 .data.uwTickFreq
                0x0000000020000010        0x1 ./Drivers/STM32F4xx_HAL_Driver/Src/stm32f4xx_hal.o
                0x0000000020000010                uwTickFreq
 *fill*         0x0000000020000011        0x3 
 .data._impure_ptr
                0x0000000020000014        0x4 /opt/st/stm32cubeide_1.7.0/plugins/com.st.stm32cube.ide.mcu.externaltools.gnu-tools-for-stm32.9-2020-q2-update.linux64_2.0.0.202105311346/tools/bin/../lib/gcc/arm-none-eabi/9.3.1/../../../../arm-none-eabi/lib/thumb/v7e-m+fp/hard/libc_nano.a(lib_a-impure.o)
                0x0000000020000014                _impure_ptr
 .data.impure_data
                0x0000000020000018       0x60 /opt/st/stm32cubeide_1.7.0/plugins/com.st.stm32cube.ide.mcu.externaltools.gnu-tools-for-stm32.9-2020-q2-update.linux64_2.0.0.202105311346/tools/bin/../lib/gcc/arm-none-eabi/9.3.1/../../../../arm-none-eabi/lib/thumb/v7e-m+fp/hard/libc_nano.a(lib_a-impure.o)
 *(.RamFunc)
 *(.RamFunc*)
                0x0000000020000078                . = ALIGN (0x4)
                0x0000000020000078                _edata = .

.igot.plt       0x0000000020000078        0x0 load address 0x0000000008007e18
 .igot.plt      0x0000000020000078        0x0 /opt/st/stm32cubeide_1.7.0/plugins/com.st.stm32cube.ide.mcu.externaltools.gnu-tools-for-stm32.9-2020-q2-update.linux64_2.0.0.202105311346/tools/bin/../lib/gcc/arm-none-eabi/9.3.1/thumb/v7e-m+fp/hard/crtbegin.o
                0x0000000020000078                . = ALIGN (0x4)

.bss            0x0000000020000078    0x13cb4 load address 0x0000000008007e18
                0x0000000020000078                _sbss = .
                0x0000000020000078                __bss_start__ = _sbss
 *(.bss)
 .bss           0x0000000020000078       0x1c /opt/st/stm32cubeide_1.7.0/plugins/com.st.stm32cube.ide.mcu.externaltools.gnu-tools-for-stm32.9-2020-q2-update.linux64_2.0.0.202105311346/tools/bin/../lib/gcc/arm-none-eabi/9.3.1/thumb/v7e-m+fp/hard/crtbegin.o
 *(.bss*)
 .bss.pxCurrentTCB
                0x0000000020000094        0x4 ./Common/FreeRTOS/tasks.o
                0x0000000020000094                pxCurrentTCB
 .bss.pxReadyTasksLists
                0x0000000020000098       0x64 ./Common/FreeRTOS/tasks.o
 .bss.xDelayedTaskList1
                0x00000000200000fc       0x14 ./Common/FreeRTOS/tasks.o
 .bss.xDelayedTaskList2
                0x0000000020000110       0x14 ./Common/FreeRTOS/tasks.o
 .bss.pxDelayedTaskList
                0x0000000020000124        0x4 ./Common/FreeRTOS/tasks.o
 .bss.pxOverflowDelayedTaskList
                0x0000000020000128        0x4 ./Common/FreeRTOS/tasks.o
 .bss.xPendingReadyList
                0x000000002000012c       0x14 ./Common/FreeRTOS/tasks.o
 .bss.xTasksWaitingTermination
                0x0000000020000140       0x14 ./Common/FreeRTOS/tasks.o
 .bss.uxDeletedTasksWaitingCleanUp
                0x0000000020000154        0x4 ./Common/FreeRTOS/tasks.o
 .bss.xSuspendedTaskList
                0x0000000020000158       0x14 ./Common/FreeRTOS/tasks.o
 .bss.uxCurrentNumberOfTasks
                0x000000002000016c        0x4 ./Common/FreeRTOS/tasks.o
 .bss.xTickCount
                0x0000000020000170        0x4 ./Common/FreeRTOS/tasks.o
 .bss.uxTopReadyPriority
                0x0000000020000174        0x4 ./Common/FreeRTOS/tasks.o
 .bss.xSchedulerRunning
                0x0000000020000178        0x4 ./Common/FreeRTOS/tasks.o
 .bss.xPendedTicks
                0x000000002000017c        0x4 ./Common/FreeRTOS/tasks.o
 .bss.xYieldPending
                0x0000000020000180        0x4 ./Common/FreeRTOS/tasks.o
 .bss.xNumOfOverflows
                0x0000000020000184        0x4 ./Common/FreeRTOS/tasks.o
 .bss.uxTaskNumber
                0x0000000020000188        0x4 ./Common/FreeRTOS/tasks.o
 .bss.xNextTaskUnblockTime
                0x000000002000018c        0x4 ./Common/FreeRTOS/tasks.o
 .bss.xIdleTaskHandle
                0x0000000020000190        0x4 ./Common/FreeRTOS/tasks.o
 .bss.uxSchedulerSuspended
                0x0000000020000194        0x4 ./Common/FreeRTOS/tasks.o
 .bss.xActiveTimerList1
                0x0000000020000198       0x14 ./Common/FreeRTOS/timers.o
 .bss.xActiveTimerList2
                0x00000000200001ac       0x14 ./Common/FreeRTOS/timers.o
 .bss.pxCurrentTimerList
                0x00000000200001c0        0x4 ./Common/FreeRTOS/timers.o
 .bss.pxOverflowTimerList
                0x00000000200001c4        0x4 ./Common/FreeRTOS/timers.o
 .bss.xTimerQueue
                0x00000000200001c8        0x4 ./Common/FreeRTOS/timers.o
 .bss.xTimerTaskHandle
                0x00000000200001cc        0x4 ./Common/FreeRTOS/timers.o
 .bss.xLastTime.7316
                0x00000000200001d0        0x4 ./Common/FreeRTOS/timers.o
 .bss.ucMaxSysCallPriority
                0x00000000200001d4        0x1 ./Common/FreeRTOS/portable/GCC/ARM_CM4F/port.o
 *fill*         0x00000000200001d5        0x3 
 .bss.ulMaxPRIGROUPValue
                0x00000000200001d8        0x4 ./Common/FreeRTOS/portable/GCC/ARM_CM4F/port.o
 .bss.ucHeap    0x00000000200001dc    0x12c00 ./Common/FreeRTOS/portable/MemMang/heap_4.o
 .bss.xStart    0x0000000020012ddc        0x8 ./Common/FreeRTOS/portable/MemMang/heap_4.o
 .bss.pxEnd     0x0000000020012de4        0x4 ./Common/FreeRTOS/portable/MemMang/heap_4.o
 .bss.xFreeBytesRemaining
                0x0000000020012de8        0x4 ./Common/FreeRTOS/portable/MemMang/heap_4.o
 .bss.xMinimumEverFreeBytesRemaining
                0x0000000020012dec        0x4 ./Common/FreeRTOS/portable/MemMang/heap_4.o
 .bss.xNumberOfSuccessfulAllocations
                0x0000000020012df0        0x4 ./Common/FreeRTOS/portable/MemMang/heap_4.o
 .bss.xNumberOfSuccessfulFrees
                0x0000000020012df4        0x4 ./Common/FreeRTOS/portable/MemMang/heap_4.o
 .bss.xBlockAllocatedBit
                0x0000000020012df8        0x4 ./Common/FreeRTOS/portable/MemMang/heap_4.o
 .bss._aTasks   0x0000000020012dfc       0xa0 ./Common/SEGGER/OS/SEGGER_SYSVIEW_FreeRTOS.o
 .bss._NumTasks
                0x0000000020012e9c        0x4 ./Common/SEGGER/OS/SEGGER_SYSVIEW_FreeRTOS.o
 .bss._acUpBuffer
                0x0000000020012ea0      0x400 ./Common/SEGGER/SEGGER/SEGGER_RTT.o
 .bss._acDownBuffer
                0x00000000200132a0       0x10 ./Common/SEGGER/SEGGER/SEGGER_RTT.o
 .bss._UpBuffer
                0x00000000200132b0      0x800 ./Common/SEGGER/SEGGER/SEGGER_SYSVIEW.o
 .bss._DownBuffer
                0x0000000020013ab0        0x8 ./Common/SEGGER/SEGGER/SEGGER_SYSVIEW.o
 .bss._SYSVIEW_Globals
                0x0000000020013ab8       0x28 ./Common/SEGGER/SEGGER/SEGGER_SYSVIEW.o
 .bss._pFirstModule
                0x0000000020013ae0        0x4 ./Common/SEGGER/SEGGER/SEGGER_SYSVIEW.o
 .bss._NumModules
                0x0000000020013ae4        0x1 ./Common/SEGGER/SEGGER/SEGGER_SYSVIEW.o
 *fill*         0x0000000020013ae5        0x3 
 .bss._aPacket  0x0000000020013ae8       0xe3 ./Common/SEGGER/SEGGER/SEGGER_SYSVIEW.o
 *fill*         0x0000000020013bcb        0x1 
 .bss.__sbrk_heap_end
                0x0000000020013bcc        0x4 ./Core/Src/sysmem.o
 .bss.__malloc_free_list
                0x0000000020013bd0        0x4 /opt/st/stm32cubeide_1.7.0/plugins/com.st.stm32cube.ide.mcu.externaltools.gnu-tools-for-stm32.9-2020-q2-update.linux64_2.0.0.202105311346/tools/bin/../lib/gcc/arm-none-eabi/9.3.1/../../../../arm-none-eabi/lib/thumb/v7e-m+fp/hard/libc_nano.a(lib_a-nano-mallocr.o)
                0x0000000020013bd0                __malloc_free_list
 .bss.__malloc_sbrk_start
                0x0000000020013bd4        0x4 /opt/st/stm32cubeide_1.7.0/plugins/com.st.stm32cube.ide.mcu.externaltools.gnu-tools-for-stm32.9-2020-q2-update.linux64_2.0.0.202105311346/tools/bin/../lib/gcc/arm-none-eabi/9.3.1/../../../../arm-none-eabi/lib/thumb/v7e-m+fp/hard/libc_nano.a(lib_a-nano-mallocr.o)
                0x0000000020013bd4                __malloc_sbrk_start
 *(COMMON)
 COMMON         0x0000000020013bd8       0x40 ./Common/FreeRTOS/queue.o
                0x0000000020013bd8                xQueueRegistry
 COMMON         0x0000000020013c18       0xa8 ./Common/SEGGER/SEGGER/SEGGER_RTT.o
                0x0000000020013c18                _SEGGER_RTT
 COMMON         0x0000000020013cc0       0x10 ./Core/Src/main.o
                0x0000000020013cc0                greenTask_Handle
                0x0000000020013cc4                nextTask_Handle
                0x0000000020013cc8                redTask_Handle
                0x0000000020013ccc                yellowTask_Handle
 COMMON         0x0000000020013cd0       0x48 ./Core/Src/stm32f4xx_hal_timebase_tim.o
                0x0000000020013cd0                htim5
 COMMON         0x0000000020013d18        0x4 ./Drivers/STM32F4xx_HAL_Driver/Src/stm32f4xx_hal.o
                0x0000000020013d18                uwTick
 COMMON         0x0000000020013d1c        0x9 /opt/st/stm32cubeide_1.7.0/plugins/com.st.stm32cube.ide.mcu.externaltools.gnu-tools-for-stm32.9-2020-q2-update.linux64_2.0.0.202105311346/tools/bin/../lib/gcc/arm-none-eabi/9.3.1/../../../../arm-none-eabi/lib/thumb/v7e-m+fp/hard/libc_nano.a(lib_a-lock.o)
                0x0000000020013d1c                __lock___atexit_recursive_mutex
                0x0000000020013d1d                __lock___arc4random_mutex
                0x0000000020013d1e                __lock___env_recursive_mutex
                0x0000000020013d1f                __lock___sinit_recursive_mutex
                0x0000000020013d20                __lock___malloc_recursive_mutex
                0x0000000020013d21                __lock___at_quick_exit_mutex
                0x0000000020013d22                __lock___dd_hash_mutex
                0x0000000020013d23                __lock___tz_mutex
                0x0000000020013d24                __lock___sfp_recursive_mutex
 *fill*         0x0000000020013d25        0x3 
 COMMON         0x0000000020013d28        0x4 /opt/st/stm32cubeide_1.7.0/plugins/com.st.stm32cube.ide.mcu.externaltools.gnu-tools-for-stm32.9-2020-q2-update.linux64_2.0.0.202105311346/tools/bin/../lib/gcc/arm-none-eabi/9.3.1/../../../../arm-none-eabi/lib/thumb/v7e-m+fp/hard/libc_nano.a(lib_a-reent.o)
                0x0000000020013d28                errno
                0x0000000020013d2c                . = ALIGN (0x4)
                0x0000000020013d2c                _ebss = .
                0x0000000020013d2c                __bss_end__ = _ebss

._user_heap_stack
                0x0000000020013d2c      0x604 load address 0x0000000008007e18
                0x0000000020013d30                . = ALIGN (0x8)
 *fill*         0x0000000020013d2c        0x4 
                [!provide]                        PROVIDE (end = .)
                0x0000000020013d30                PROVIDE (_end = .)
                0x0000000020013f30                . = (. + _Min_Heap_Size)
 *fill*         0x0000000020013d30      0x200 
                0x0000000020014330                . = (. + _Min_Stack_Size)
 *fill*         0x0000000020013f30      0x400 
                0x0000000020014330                . = ALIGN (0x8)

/DISCARD/
 libc.a(*)
 libm.a(*)
 libgcc.a(*)

.ARM.attributes
                0x0000000000000000       0x30
 *(.ARM.attributes)
 .ARM.attributes
                0x0000000000000000       0x1e /opt/st/stm32cubeide_1.7.0/plugins/com.st.stm32cube.ide.mcu.externaltools.gnu-tools-for-stm32.9-2020-q2-update.linux64_2.0.0.202105311346/tools/bin/../lib/gcc/arm-none-eabi/9.3.1/thumb/v7e-m+fp/hard/crti.o
 .ARM.attributes
                0x000000000000001e       0x34 /opt/st/stm32cubeide_1.7.0/plugins/com.st.stm32cube.ide.mcu.externaltools.gnu-tools-for-stm32.9-2020-q2-update.linux64_2.0.0.202105311346/tools/bin/../lib/gcc/arm-none-eabi/9.3.1/thumb/v7e-m+fp/hard/crtbegin.o
 .ARM.attributes
                0x0000000000000052       0x34 ./Common/FreeRTOS/list.o
 .ARM.attributes
                0x0000000000000086       0x34 ./Common/FreeRTOS/queue.o
 .ARM.attributes
                0x00000000000000ba       0x34 ./Common/FreeRTOS/tasks.o
 .ARM.attributes
                0x00000000000000ee       0x34 ./Common/FreeRTOS/timers.o
 .ARM.attributes
                0x0000000000000122       0x34 ./Common/FreeRTOS/portable/GCC/ARM_CM4F/port.o
 .ARM.attributes
                0x0000000000000156       0x34 ./Common/FreeRTOS/portable/MemMang/heap_4.o
 .ARM.attributes
                0x000000000000018a       0x34 ./Common/SEGGER/Config/SEGGER_SYSVIEW_Config_FreeRTOS.o
 .ARM.attributes
                0x00000000000001be       0x34 ./Common/SEGGER/OS/SEGGER_SYSVIEW_FreeRTOS.o
 .ARM.attributes
                0x00000000000001f2       0x34 ./Common/SEGGER/SEGGER/SEGGER_RTT.o
 .ARM.attributes
                0x0000000000000226       0x20 ./Common/SEGGER/SEGGER/SEGGER_RTT_ASM_ARMv7M.o
 .ARM.attributes
                0x0000000000000246       0x34 ./Common/SEGGER/SEGGER/SEGGER_SYSVIEW.o
 .ARM.attributes
                0x000000000000027a       0x34 ./Common/SEGGER/SEGGER/Syscalls/SEGGER_RTT_Syscalls_GCC.o
 .ARM.attributes
                0x00000000000002ae       0x34 ./Core/Src/main.o
 .ARM.attributes
                0x00000000000002e2       0x34 ./Core/Src/stm32f4xx_hal_msp.o
 .ARM.attributes
                0x0000000000000316       0x34 ./Core/Src/stm32f4xx_hal_timebase_tim.o
 .ARM.attributes
                0x000000000000034a       0x34 ./Core/Src/stm32f4xx_it.o
 .ARM.attributes
                0x000000000000037e       0x34 ./Core/Src/syscalls.o
 .ARM.attributes
                0x00000000000003b2       0x34 ./Core/Src/sysmem.o
 .ARM.attributes
                0x00000000000003e6       0x34 ./Core/Src/system_stm32f4xx.o
 .ARM.attributes
                0x000000000000041a       0x21 ./Core/Startup/startup_stm32f401retx.o
 .ARM.attributes
                0x000000000000043b       0x34 ./Drivers/STM32F4xx_HAL_Driver/Src/stm32f4xx_hal.o
 .ARM.attributes
                0x000000000000046f       0x34 ./Drivers/STM32F4xx_HAL_Driver/Src/stm32f4xx_hal_cortex.o
 .ARM.attributes
                0x00000000000004a3       0x34 ./Drivers/STM32F4xx_HAL_Driver/Src/stm32f4xx_hal_gpio.o
 .ARM.attributes
                0x00000000000004d7       0x34 ./Drivers/STM32F4xx_HAL_Driver/Src/stm32f4xx_hal_rcc.o
 .ARM.attributes
                0x000000000000050b       0x34 ./Drivers/STM32F4xx_HAL_Driver/Src/stm32f4xx_hal_tim.o
 .ARM.attributes
                0x000000000000053f       0x34 ./Drivers/STM32F4xx_HAL_Driver/Src/stm32f4xx_hal_tim_ex.o
 .ARM.attributes
                0x0000000000000573       0x34 /opt/st/stm32cubeide_1.7.0/plugins/com.st.stm32cube.ide.mcu.externaltools.gnu-tools-for-stm32.9-2020-q2-update.linux64_2.0.0.202105311346/tools/bin/../lib/gcc/arm-none-eabi/9.3.1/../../../../arm-none-eabi/lib/thumb/v7e-m+fp/hard/libc_nano.a(lib_a-errno.o)
 .ARM.attributes
                0x00000000000005a7       0x32 /opt/st/stm32cubeide_1.7.0/plugins/com.st.stm32cube.ide.mcu.externaltools.gnu-tools-for-stm32.9-2020-q2-update.linux64_2.0.0.202105311346/tools/bin/../lib/gcc/arm-none-eabi/9.3.1/../../../../arm-none-eabi/lib/thumb/v7e-m+fp/hard/libc_nano.a(lib_a-impure.o)
 .ARM.attributes
                0x00000000000005d9       0x34 /opt/st/stm32cubeide_1.7.0/plugins/com.st.stm32cube.ide.mcu.externaltools.gnu-tools-for-stm32.9-2020-q2-update.linux64_2.0.0.202105311346/tools/bin/../lib/gcc/arm-none-eabi/9.3.1/../../../../arm-none-eabi/lib/thumb/v7e-m+fp/hard/libc_nano.a(lib_a-init.o)
 .ARM.attributes
                0x000000000000060d       0x34 /opt/st/stm32cubeide_1.7.0/plugins/com.st.stm32cube.ide.mcu.externaltools.gnu-tools-for-stm32.9-2020-q2-update.linux64_2.0.0.202105311346/tools/bin/../lib/gcc/arm-none-eabi/9.3.1/../../../../arm-none-eabi/lib/thumb/v7e-m+fp/hard/libc_nano.a(lib_a-memcmp.o)
 .ARM.attributes
                0x0000000000000641       0x34 /opt/st/stm32cubeide_1.7.0/plugins/com.st.stm32cube.ide.mcu.externaltools.gnu-tools-for-stm32.9-2020-q2-update.linux64_2.0.0.202105311346/tools/bin/../lib/gcc/arm-none-eabi/9.3.1/../../../../arm-none-eabi/lib/thumb/v7e-m+fp/hard/libc_nano.a(lib_a-memcpy-stub.o)
 .ARM.attributes
                0x0000000000000675       0x34 /opt/st/stm32cubeide_1.7.0/plugins/com.st.stm32cube.ide.mcu.externaltools.gnu-tools-for-stm32.9-2020-q2-update.linux64_2.0.0.202105311346/tools/bin/../lib/gcc/arm-none-eabi/9.3.1/../../../../arm-none-eabi/lib/thumb/v7e-m+fp/hard/libc_nano.a(lib_a-memset.o)
 .ARM.attributes
                0x00000000000006a9       0x34 /opt/st/stm32cubeide_1.7.0/plugins/com.st.stm32cube.ide.mcu.externaltools.gnu-tools-for-stm32.9-2020-q2-update.linux64_2.0.0.202105311346/tools/bin/../lib/gcc/arm-none-eabi/9.3.1/../../../../arm-none-eabi/lib/thumb/v7e-m+fp/hard/libc_nano.a(lib_a-printf.o)
 .ARM.attributes
                0x00000000000006dd       0x34 /opt/st/stm32cubeide_1.7.0/plugins/com.st.stm32cube.ide.mcu.externaltools.gnu-tools-for-stm32.9-2020-q2-update.linux64_2.0.0.202105311346/tools/bin/../lib/gcc/arm-none-eabi/9.3.1/../../../../arm-none-eabi/lib/thumb/v7e-m+fp/hard/libc_nano.a(lib_a-findfp.o)
 .ARM.attributes
                0x0000000000000711       0x34 /opt/st/stm32cubeide_1.7.0/plugins/com.st.stm32cube.ide.mcu.externaltools.gnu-tools-for-stm32.9-2020-q2-update.linux64_2.0.0.202105311346/tools/bin/../lib/gcc/arm-none-eabi/9.3.1/../../../../arm-none-eabi/lib/thumb/v7e-m+fp/hard/libc_nano.a(lib_a-fwalk.o)
 .ARM.attributes
                0x0000000000000745       0x34 /opt/st/stm32cubeide_1.7.0/plugins/com.st.stm32cube.ide.mcu.externaltools.gnu-tools-for-stm32.9-2020-q2-update.linux64_2.0.0.202105311346/tools/bin/../lib/gcc/arm-none-eabi/9.3.1/../../../../arm-none-eabi/lib/thumb/v7e-m+fp/hard/libc_nano.a(lib_a-lock.o)
 .ARM.attributes
                0x0000000000000779       0x34 /opt/st/stm32cubeide_1.7.0/plugins/com.st.stm32cube.ide.mcu.externaltools.gnu-tools-for-stm32.9-2020-q2-update.linux64_2.0.0.202105311346/tools/bin/../lib/gcc/arm-none-eabi/9.3.1/../../../../arm-none-eabi/lib/thumb/v7e-m+fp/hard/libc_nano.a(lib_a-nano-mallocr.o)
 .ARM.attributes
                0x00000000000007ad       0x34 /opt/st/stm32cubeide_1.7.0/plugins/com.st.stm32cube.ide.mcu.externaltools.gnu-tools-for-stm32.9-2020-q2-update.linux64_2.0.0.202105311346/tools/bin/../lib/gcc/arm-none-eabi/9.3.1/../../../../arm-none-eabi/lib/thumb/v7e-m+fp/hard/libc_nano.a(lib_a-nano-vfprintf.o)
 .ARM.attributes
                0x00000000000007e1       0x34 /opt/st/stm32cubeide_1.7.0/plugins/com.st.stm32cube.ide.mcu.externaltools.gnu-tools-for-stm32.9-2020-q2-update.linux64_2.0.0.202105311346/tools/bin/../lib/gcc/arm-none-eabi/9.3.1/../../../../arm-none-eabi/lib/thumb/v7e-m+fp/hard/libc_nano.a(lib_a-nano-vfprintf_i.o)
 .ARM.attributes
                0x0000000000000815       0x34 /opt/st/stm32cubeide_1.7.0/plugins/com.st.stm32cube.ide.mcu.externaltools.gnu-tools-for-stm32.9-2020-q2-update.linux64_2.0.0.202105311346/tools/bin/../lib/gcc/arm-none-eabi/9.3.1/../../../../arm-none-eabi/lib/thumb/v7e-m+fp/hard/libc_nano.a(lib_a-sbrkr.o)
 .ARM.attributes
                0x0000000000000849       0x34 /opt/st/stm32cubeide_1.7.0/plugins/com.st.stm32cube.ide.mcu.externaltools.gnu-tools-for-stm32.9-2020-q2-update.linux64_2.0.0.202105311346/tools/bin/../lib/gcc/arm-none-eabi/9.3.1/../../../../arm-none-eabi/lib/thumb/v7e-m+fp/hard/libc_nano.a(lib_a-stdio.o)
 .ARM.attributes
                0x000000000000087d       0x34 /opt/st/stm32cubeide_1.7.0/plugins/com.st.stm32cube.ide.mcu.externaltools.gnu-tools-for-stm32.9-2020-q2-update.linux64_2.0.0.202105311346/tools/bin/../lib/gcc/arm-none-eabi/9.3.1/../../../../arm-none-eabi/lib/thumb/v7e-m+fp/hard/libc_nano.a(lib_a-wbuf.o)
 .ARM.attributes
                0x00000000000008b1       0x34 /opt/st/stm32cubeide_1.7.0/plugins/com.st.stm32cube.ide.mcu.externaltools.gnu-tools-for-stm32.9-2020-q2-update.linux64_2.0.0.202105311346/tools/bin/../lib/gcc/arm-none-eabi/9.3.1/../../../../arm-none-eabi/lib/thumb/v7e-m+fp/hard/libc_nano.a(lib_a-wsetup.o)
 .ARM.attributes
                0x00000000000008e5       0x34 /opt/st/stm32cubeide_1.7.0/plugins/com.st.stm32cube.ide.mcu.externaltools.gnu-tools-for-stm32.9-2020-q2-update.linux64_2.0.0.202105311346/tools/bin/../lib/gcc/arm-none-eabi/9.3.1/../../../../arm-none-eabi/lib/thumb/v7e-m+fp/hard/libc_nano.a(lib_a-closer.o)
 .ARM.attributes
                0x0000000000000919       0x34 /opt/st/stm32cubeide_1.7.0/plugins/com.st.stm32cube.ide.mcu.externaltools.gnu-tools-for-stm32.9-2020-q2-update.linux64_2.0.0.202105311346/tools/bin/../lib/gcc/arm-none-eabi/9.3.1/../../../../arm-none-eabi/lib/thumb/v7e-m+fp/hard/libc_nano.a(lib_a-fflush.o)
 .ARM.attributes
                0x000000000000094d       0x34 /opt/st/stm32cubeide_1.7.0/plugins/com.st.stm32cube.ide.mcu.externaltools.gnu-tools-for-stm32.9-2020-q2-update.linux64_2.0.0.202105311346/tools/bin/../lib/gcc/arm-none-eabi/9.3.1/../../../../arm-none-eabi/lib/thumb/v7e-m+fp/hard/libc_nano.a(lib_a-lseekr.o)
 .ARM.attributes
                0x0000000000000981       0x34 /opt/st/stm32cubeide_1.7.0/plugins/com.st.stm32cube.ide.mcu.externaltools.gnu-tools-for-stm32.9-2020-q2-update.linux64_2.0.0.202105311346/tools/bin/../lib/gcc/arm-none-eabi/9.3.1/../../../../arm-none-eabi/lib/thumb/v7e-m+fp/hard/libc_nano.a(lib_a-makebuf.o)
 .ARM.attributes
                0x00000000000009b5       0x1c /opt/st/stm32cubeide_1.7.0/plugins/com.st.stm32cube.ide.mcu.externaltools.gnu-tools-for-stm32.9-2020-q2-update.linux64_2.0.0.202105311346/tools/bin/../lib/gcc/arm-none-eabi/9.3.1/../../../../arm-none-eabi/lib/thumb/v7e-m+fp/hard/libc_nano.a(lib_a-memchr.o)
 .ARM.attributes
                0x00000000000009d1       0x34 /opt/st/stm32cubeide_1.7.0/plugins/com.st.stm32cube.ide.mcu.externaltools.gnu-tools-for-stm32.9-2020-q2-update.linux64_2.0.0.202105311346/tools/bin/../lib/gcc/arm-none-eabi/9.3.1/../../../../arm-none-eabi/lib/thumb/v7e-m+fp/hard/libc_nano.a(lib_a-mlock.o)
 .ARM.attributes
                0x0000000000000a05       0x34 /opt/st/stm32cubeide_1.7.0/plugins/com.st.stm32cube.ide.mcu.externaltools.gnu-tools-for-stm32.9-2020-q2-update.linux64_2.0.0.202105311346/tools/bin/../lib/gcc/arm-none-eabi/9.3.1/../../../../arm-none-eabi/lib/thumb/v7e-m+fp/hard/libc_nano.a(lib_a-nano-freer.o)
 .ARM.attributes
                0x0000000000000a39       0x34 /opt/st/stm32cubeide_1.7.0/plugins/com.st.stm32cube.ide.mcu.externaltools.gnu-tools-for-stm32.9-2020-q2-update.linux64_2.0.0.202105311346/tools/bin/../lib/gcc/arm-none-eabi/9.3.1/../../../../arm-none-eabi/lib/thumb/v7e-m+fp/hard/libc_nano.a(lib_a-readr.o)
 .ARM.attributes
                0x0000000000000a6d       0x34 /opt/st/stm32cubeide_1.7.0/plugins/com.st.stm32cube.ide.mcu.externaltools.gnu-tools-for-stm32.9-2020-q2-update.linux64_2.0.0.202105311346/tools/bin/../lib/gcc/arm-none-eabi/9.3.1/../../../../arm-none-eabi/lib/thumb/v7e-m+fp/hard/libc_nano.a(lib_a-reent.o)
 .ARM.attributes
                0x0000000000000aa1       0x34 /opt/st/stm32cubeide_1.7.0/plugins/com.st.stm32cube.ide.mcu.externaltools.gnu-tools-for-stm32.9-2020-q2-update.linux64_2.0.0.202105311346/tools/bin/../lib/gcc/arm-none-eabi/9.3.1/../../../../arm-none-eabi/lib/thumb/v7e-m+fp/hard/libc_nano.a(lib_a-fstatr.o)
 .ARM.attributes
                0x0000000000000ad5       0x34 /opt/st/stm32cubeide_1.7.0/plugins/com.st.stm32cube.ide.mcu.externaltools.gnu-tools-for-stm32.9-2020-q2-update.linux64_2.0.0.202105311346/tools/bin/../lib/gcc/arm-none-eabi/9.3.1/../../../../arm-none-eabi/lib/thumb/v7e-m+fp/hard/libc_nano.a(lib_a-isattyr.o)
 .ARM.attributes
                0x0000000000000b09       0x1e /opt/st/stm32cubeide_1.7.0/plugins/com.st.stm32cube.ide.mcu.externaltools.gnu-tools-for-stm32.9-2020-q2-update.linux64_2.0.0.202105311346/tools/bin/../lib/gcc/arm-none-eabi/9.3.1/thumb/v7e-m+fp/hard/libgcc.a(_aeabi_uldivmod.o)
 .ARM.attributes
                0x0000000000000b27       0x34 /opt/st/stm32cubeide_1.7.0/plugins/com.st.stm32cube.ide.mcu.externaltools.gnu-tools-for-stm32.9-2020-q2-update.linux64_2.0.0.202105311346/tools/bin/../lib/gcc/arm-none-eabi/9.3.1/thumb/v7e-m+fp/hard/libgcc.a(_udivmoddi4.o)
 .ARM.attributes
                0x0000000000000b5b       0x1e /opt/st/stm32cubeide_1.7.0/plugins/com.st.stm32cube.ide.mcu.externaltools.gnu-tools-for-stm32.9-2020-q2-update.linux64_2.0.0.202105311346/tools/bin/../lib/gcc/arm-none-eabi/9.3.1/thumb/v7e-m+fp/hard/libgcc.a(_dvmd_tls.o)
 .ARM.attributes
                0x0000000000000b79       0x1e /opt/st/stm32cubeide_1.7.0/plugins/com.st.stm32cube.ide.mcu.externaltools.gnu-tools-for-stm32.9-2020-q2-update.linux64_2.0.0.202105311346/tools/bin/../lib/gcc/arm-none-eabi/9.3.1/thumb/v7e-m+fp/hard/crtn.o
OUTPUT(ledPart1.elf elf32-littlearm)
LOAD linker stubs
LOAD /opt/st/stm32cubeide_1.7.0/plugins/com.st.stm32cube.ide.mcu.externaltools.gnu-tools-for-stm32.9-2020-q2-update.linux64_2.0.0.202105311346/tools/bin/../lib/gcc/arm-none-eabi/9.3.1/../../../../arm-none-eabi/lib/thumb/v7e-m+fp/hard/libc.a
LOAD /opt/st/stm32cubeide_1.7.0/plugins/com.st.stm32cube.ide.mcu.externaltools.gnu-tools-for-stm32.9-2020-q2-update.linux64_2.0.0.202105311346/tools/bin/../lib/gcc/arm-none-eabi/9.3.1/../../../../arm-none-eabi/lib/thumb/v7e-m+fp/hard/libm.a
LOAD /opt/st/stm32cubeide_1.7.0/plugins/com.st.stm32cube.ide.mcu.externaltools.gnu-tools-for-stm32.9-2020-q2-update.linux64_2.0.0.202105311346/tools/bin/../lib/gcc/arm-none-eabi/9.3.1/thumb/v7e-m+fp/hard/libgcc.a

.debug_info     0x0000000000000000    0x1b52d
 .debug_info    0x0000000000000000      0xb9a ./Common/FreeRTOS/list.o
 .debug_info    0x0000000000000b9a     0x2034 ./Common/FreeRTOS/queue.o
 .debug_info    0x0000000000002bce     0x2dd7 ./Common/FreeRTOS/tasks.o
 .debug_info    0x00000000000059a5     0x1525 ./Common/FreeRTOS/timers.o
 .debug_info    0x0000000000006eca      0x5b1 ./Common/FreeRTOS/portable/GCC/ARM_CM4F/port.o
 .debug_info    0x000000000000747b      0xda4 ./Common/FreeRTOS/portable/MemMang/heap_4.o
 .debug_info    0x000000000000821f      0x131 ./Common/SEGGER/Config/SEGGER_SYSVIEW_Config_FreeRTOS.o
 .debug_info    0x0000000000008350      0xc58 ./Common/SEGGER/OS/SEGGER_SYSVIEW_FreeRTOS.o
 .debug_info    0x0000000000008fa8     0x1dc1 ./Common/SEGGER/SEGGER/SEGGER_RTT.o
 .debug_info    0x000000000000ad69       0x26 ./Common/SEGGER/SEGGER/SEGGER_RTT_ASM_ARMv7M.o
 .debug_info    0x000000000000ad8f     0x3fe7 ./Common/SEGGER/SEGGER/SEGGER_SYSVIEW.o