02:36:57 **** Build of configuration Debug for project ledPart1 ****
make -j4 all 
arm-none-eabi-gcc "../Drivers/STM32F4xx_HAL_Driver/Src/stm32f4xx_hal.c" -mcpu=cortex-m4 -std=gnu11 -g3 -DDEBUG -DUSE_HAL_DRIVER -DSTM32F401xE -c -I../Core/Inc -I../Drivers/STM32F4xx_HAL_Driver/Inc -I../Drivers/STM32F4xx_HAL_Driver/Inc/Legacy -I../Drivers/CMSIS/Device/ST/STM32F4xx/Include -I../Drivers/CMSIS/Include -I/home/ashwin/Documents/rtos/rtos/Common/FreeRTOS -I/home/ashwin/Documents/rtos/rtos/Common/FreeRTOS/include -I/home/ashwin/Documents/rtos/rtos/Common/FreeRTOS/portable/GCC/ARM_CM4F -I/home/ashwin/Documents/rtos/rtos/Common/SEGGER/Config -I/home/ashwin/Documents/rtos/rtos/Common/SEGGER/OS -I/home/ashwin/Documents/rtos/rtos/Common/SEGGER/SEGGER -O0 -ffunction-sections -fdata-sections -Wall -fstack-usage -MMD -MP -MF"Drivers/STM32F4xx_HAL_Driver/Src/stm32f4xx_hal.d" -MT"Drivers/STM32F4xx_HAL_Driver/Src/stm32f4xx_hal.o" --specs=nano.specs -mfpu=fpv4-sp-d16 -mfloat-abi=hard -mthumb -o "Drivers/STM32F4xx_HAL_Driver/Src/stm32f4xx_hal.o"
arm-none-eabi-gcc "../Drivers/STM32F4xx_HAL_Driver/Src/stm32f4xx_hal_cortex.c" -mcpu=cortex-m4 -std=gnu11 -g3 -DDEBUG -DUSE_HAL_DRIVER -DSTM32F401xE -c -I../Core/Inc -I../Drivers/STM32F4xx_HAL_Driver/Inc -I../Drivers/STM32F4xx_HAL_Driver/Inc/Legacy -I../Drivers/CMSIS/Device/ST/STM32F4xx/Include -I../Drivers/CMSIS/Include -I/home/ashwin/Documents/rtos/rtos/Common/FreeRTOS -I/home/ashwin/Documents/rtos/rtos/Common/FreeRTOS/include -I/home/ashwin/Documents/rtos/rtos/Common/FreeRTOS/portable/GCC/ARM_CM4F -I/home/ashwin/Documents/rtos/rtos/Common/SEGGER/Config -I/home/ashwin/Documents/rtos/rtos/Common/SEGGER/OS -I/home/ashwin/Documents/rtos/rtos/Common/SEGGER/SEGGER -O0 -ffunction-sections -fdata-sections -Wall -fstack-usage -MMD -MP -MF"Drivers/STM32F4xx_HAL_Driver/Src/stm32f4xx_hal_cortex.d" -MT"Drivers/STM32F4xx_HAL_Driver/Src/stm32f4xx_hal_cortex.o" --specs=nano.specs -mfpu=fpv4-sp-d16 -mfloat-abi=hard -mthumb -o "Drivers/STM32F4xx_HAL_Driver/Src/stm32f4xx_hal_cortex.o"
arm-none-eabi-gcc "../Drivers/STM32F4xx_HAL_Driver/Src/stm32f4xx_hal_dma.c" -mcpu=cortex-m4 -std=gnu11 -g3 -DDEBUG -DUSE_HAL_DRIVER -DSTM32F401xE -c -I../Core/Inc -I../Drivers/STM32F4xx_HAL_Driver/Inc -I../Drivers/STM32F4xx_HAL_Driver/Inc/Legacy -I../Drivers/CMSIS/Device/ST/STM32F4xx/Include -I../Drivers/CMSIS/Include -I/home/ashwin/Documents/rtos/rtos/Common/FreeRTOS -I/home/ashwin/Documents/rtos/rtos/Common/FreeRTOS/include -I/home/ashwin/Documents/rtos/rtos/Common/FreeRTOS/portable/GCC/ARM_CM4F -I/home/ashwin/Documents/rtos/rtos/Common/SEGGER/Config -I/home/ashwin/Documents/rtos/rtos/Common/SEGGER/OS -I/home/ashwin/Documents/rtos/rtos/Common/SEGGER/SEGGER -O0 -ffunction-sections -fdata-sections -Wall -fstack-usage -MMD -MP -MF"Drivers/STM32F4xx_HAL_Driver/Src/stm32f4xx_hal_dma.d" -MT"Drivers/STM32F4xx_HAL_Driver/Src/stm32f4xx_hal_dma.o" --specs=nano.specs -mfpu=fpv4-sp-d16 -mfloat-abi=hard -mthumb -o "Drivers/STM32F4xx_HAL_Driver/Src/stm32f4xx_hal_dma.o"
arm-none-eabi-gcc "../Drivers/STM32F4xx_HAL_Driver/Src/stm32f4xx_hal_dma_ex.c" -mcpu=cortex-m4 -std=gnu11 -g3 -DDEBUG -DUSE_HAL_DRIVER -DSTM32F401xE -c -I../Core/Inc -I../Drivers/STM32F4xx_HAL_Driver/Inc -I../Drivers/STM32F4xx_HAL_Driver/Inc/Legacy -I../Drivers/CMSIS/Device/ST/STM32F4xx/Include -I../Drivers/CMSIS/Include -I/home/ashwin/Documents/rtos/rtos/Common/FreeRTOS -I/home/ashwin/Documents/rtos/rtos/Common/FreeRTOS/include -I/home/ashwin/Documents/rtos/rtos/Common/FreeRTOS/portable/GCC/ARM_CM4F -I/home/ashwin/Documents/rtos/rtos/Common/SEGGER/Config -I/home/ashwin/Documents/rtos/rtos/Common/SEGGER/OS -I/home/ashwin/Documents/rtos/rtos/Common/SEGGER/SEGGER -O0 -ffunction-sections -fdata-sections -Wall -fstack-usage -MMD -MP -MF"Drivers/STM32F4xx_HAL_Driver/Src/stm32f4xx_hal_dma_ex.d" -MT"Drivers/STM32F4xx_HAL_Driver/Src/stm32f4xx_hal_dma_ex.o" --specs=nano.specs -mfpu=fpv4-sp-d16 -mfloat-abi=hard -mthumb -o "Drivers/STM32F4xx_HAL_Driver/Src/stm32f4xx_hal_dma_ex.o"
arm-none-eabi-gcc "../Drivers/STM32F4xx_HAL_Driver/Src/stm32f4xx_hal_exti.c" -mcpu=cortex-m4 -std=gnu11 -g3 -DDEBUG -DUSE_HAL_DRIVER -DSTM32F401xE -c -I../Core/Inc -I../Drivers/STM32F4xx_HAL_Driver/Inc -I../Drivers/STM32F4xx_HAL_Driver/Inc/Legacy -I../Drivers/CMSIS/Device/ST/STM32F4xx/Include -I../Drivers/CMSIS/Include -I/home/ashwin/Documents/rtos/rtos/Common/FreeRTOS -I/home/ashwin/Documents/rtos/rtos/Common/FreeRTOS/include -I/home/ashwin/Documents/rtos/rtos/Common/FreeRTOS/portable/GCC/ARM_CM4F -I/home/ashwin/Documents/rtos/rtos/Common/SEGGER/Config -I/home/ashwin/Documents/rtos/rtos/Common/SEGGER/OS -I/home/ashwin/Documents/rtos/rtos/Common/SEGGER/SEGGER -O0 -ffunction-sections -fdata-sections -Wall -fstack-usage -MMD -MP -MF"Drivers/STM32F4xx_HAL_Driver/Src/stm32f4xx_hal_exti.d" -MT"Drivers/STM32F4xx_HAL_Driver/Src/stm32f4xx_hal_exti.o" --specs=nano.specs -mfpu=fpv4-sp-d16 -mfloat-abi=hard -mthumb -o "Drivers/STM32F4xx_HAL_Driver/Src/stm32f4xx_hal_exti.o"
arm-none-eabi-gcc "../Drivers/STM32F4xx_HAL_Driver/Src/stm32f4xx_hal_flash.c" -mcpu=cortex-m4 -std=gnu11 -g3 -DDEBUG -DUSE_HAL_DRIVER -DSTM32F401xE -c -I../Core/Inc -I../Drivers/STM32F4xx_HAL_Driver/Inc -I../Drivers/STM32F4xx_HAL_Driver/Inc/Legacy -I../Drivers/CMSIS/Device/ST/STM32F4xx/Include -I../Drivers/CMSIS/Include -I/home/ashwin/Documents/rtos/rtos/Common/FreeRTOS -I/home/ashwin/Documents/rtos/rtos/Common/FreeRTOS/include -I/home/ashwin/Documents/rtos/rtos/Common/FreeRTOS/portable/GCC/ARM_CM4F -I/home/ashwin/Documents/rtos/rtos/Common/SEGGER/Config -I/home/ashwin/Documents/rtos/rtos/Common/SEGGER/OS -I/home/ashwin/Documents/rtos/rtos/Common/SEGGER/SEGGER -O0 -ffunction-sections -fdata-sections -Wall -fstack-usage -MMD -MP -MF"Drivers/STM32F4xx_HAL_Driver/Src/stm32f4xx_hal_flash.d" -MT"Drivers/STM32F4xx_HAL_Driver/Src/stm32f4xx_hal_flash.o" --specs=nano.specs -mfpu=fpv4-sp-d16 -mfloat-abi=hard -mthumb -o "Drivers/STM32F4xx_HAL_Driver/Src/stm32f4xx_hal_flash.o"
arm-none-eabi-gcc "../Drivers/STM32F4xx_HAL_Driver/Src/stm32f4xx_hal_flash_ex.c" -mcpu=cortex-m4 -std=gnu11 -g3 -DDEBUG -DUSE_HAL_DRIVER -DSTM32F401xE -c -I../Core/Inc -I../Drivers/STM32F4xx_HAL_Driver/Inc -I../Drivers/STM32F4xx_HAL_Driver/Inc/Legacy -I../Drivers/CMSIS/Device/ST/STM32F4xx/Include -I../Drivers/CMSIS/Include -I/home/ashwin/Documents/rtos/rtos/Common/FreeRTOS -I/home/ashwin/Documents/rtos/rtos/Common/FreeRTOS/include -I/home/ashwin/Documents/rtos/rtos/Common/FreeRTOS/portable/GCC/ARM_CM4F -I/home/ashwin/Documents/rtos/rtos/Common/SEGGER/Config -I/home/ashwin/Documents/rtos/rtos/Common/SEGGER/OS -I/home/ashwin/Documents/rtos/rtos/Common/SEGGER/SEGGER -O0 -ffunction-sections -fdata-sections -Wall -fstack-usage -MMD -MP -MF"Drivers/STM32F4xx_HAL_Driver/Src/stm32f4xx_hal_flash_ex.d" -MT"Drivers/STM32F4xx_HAL_Driver/Src/stm32f4xx_hal_flash_ex.o" --specs=nano.specs -mfpu=fpv4-sp-d16 -mfloat-abi=hard -mthumb -o "Drivers/STM32F4xx_HAL_Driver/Src/stm32f4xx_hal_flash_ex.o"
arm-none-eabi-gcc "../Drivers/STM32F4xx_HAL_Driver/Src/stm32f4xx_hal_flash_ramfunc.c" -mcpu=cortex-m4 -std=gnu11 -g3 -DDEBUG -DUSE_HAL_DRIVER -DSTM32F401xE -c -I../Core/Inc -I../Drivers/STM32F4xx_HAL_Driver/Inc -I../Drivers/STM32F4xx_HAL_Driver/Inc/Legacy -I../Drivers/CMSIS/Device/ST/STM32F4xx/Include -I../Drivers/CMSIS/Include -I/home/ashwin/Documents/rtos/rtos/Common/FreeRTOS -I/home/ashwin/Documents/rtos/rtos/Common/FreeRTOS/include -I/home/ashwin/Documents/rtos/rtos/Common/FreeRTOS/portable/GCC/ARM_CM4F -I/home/ashwin/Documents/rtos/rtos/Common/SEGGER/Config -I/home/ashwin/Documents/rtos/rtos/Common/SEGGER/OS -I/home/ashwin/Documents/rtos/rtos/Common/SEGGER/SEGGER -O0 -ffunction-sections -fdata-sections -Wall -fstack-usage -MMD -MP -MF"Drivers/STM32F4xx_HAL_Driver/Src/stm32f4xx_hal_flash_ramfunc.d" -MT"Drivers/STM32F4xx_HAL_Driver/Src/stm32f4xx_hal_flash_ramfunc.o" --specs=nano.specs -mfpu=fpv4-sp-d16 -mfloat-abi=hard -mthumb -o "Drivers/STM32F4xx_HAL_Driver/Src/stm32f4xx_hal_flash_ramfunc.o"
arm-none-eabi-gcc "../Drivers/STM32F4xx_HAL_Driver/Src/stm32f4xx_hal_gpio.c" -mcpu=cortex-m4 -std=gnu11 -g3 -DDEBUG -DUSE_HAL_DRIVER -DSTM32F401xE -c -I../Core/Inc -I../Drivers/STM32F4xx_HAL_Driver/Inc -I../Drivers/STM32F4xx_HAL_Driver/Inc/Legacy -I../Drivers/CMSIS/Device/ST/STM32F4xx/Include -I../Drivers/CMSIS/Include -I/home/ashwin/Documents/rtos/rtos/Common/FreeRTOS -I/home/ashwin/Documents/rtos/rtos/Common/FreeRTOS/include -I/home/ashwin/Documents/rtos/rtos/Common/FreeRTOS/portable/GCC/ARM_CM4F -I/home/ashwin/Documents/rtos/rtos/Common/SEGGER/Config -I/home/ashwin/Documents/rtos/rtos/Common/SEGGER/OS -I/home/ashwin/Documents/rtos/rtos/Common/SEGGER/SEGGER -O0 -ffunction-sections -fdata-sections -Wall -fstack-usage -MMD -MP -MF"Drivers/STM32F4xx_HAL_Driver/Src/stm32f4xx_hal_gpio.d" -MT"Drivers/STM32F4xx_HAL_Driver/Src/stm32f4xx_hal_gpio.o" --specs=nano.specs -mfpu=fpv4-sp-d16 -mfloat-abi=hard -mthumb -o "Drivers/STM32F4xx_HAL_Driver/Src/stm32f4xx_hal_gpio.o"
arm-none-eabi-gcc "../Drivers/STM32F4xx_HAL_Driver/Src/stm32f4xx_hal_pwr.c" -mcpu=cortex-m4 -std=gnu11 -g3 -DDEBUG -DUSE_HAL_DRIVER -DSTM32F401xE -c -I../Core/Inc -I../Drivers/STM32F4xx_HAL_Driver/Inc -I../Drivers/STM32F4xx_HAL_Driver/Inc/Legacy -I../Drivers/CMSIS/Device/ST/STM32F4xx/Include -I../Drivers/CMSIS/Include -I/home/ashwin/Documents/rtos/rtos/Common/FreeRTOS -I/home/ashwin/Documents/rtos/rtos/Common/FreeRTOS/include -I/home/ashwin/Documents/rtos/rtos/Common/FreeRTOS/portable/GCC/ARM_CM4F -I/home/ashwin/Documents/rtos/rtos/Common/SEGGER/Config -I/home/ashwin/Documents/rtos/rtos/Common/SEGGER/OS -I/home/ashwin/Documents/rtos/rtos/Common/SEGGER/SEGGER -O0 -ffunction-sections -fdata-sections -Wall -fstack-usage -MMD -MP -MF"Drivers/STM32F4xx_HAL_Driver/Src/stm32f4xx_hal_pwr.d" -MT"Drivers/STM32F4xx_HAL_Driver/Src/stm32f4xx_hal_pwr.o" --specs=nano.specs -mfpu=fpv4-sp-d16 -mfloat-abi=hard -mthumb -o "Drivers/STM32F4xx_HAL_Driver/Src/stm32f4xx_hal_pwr.o"
arm-none-eabi-gcc "../Drivers/STM32F4xx_HAL_Driver/Src/stm32f4xx_hal_pwr_ex.c" -mcpu=cortex-m4 -std=gnu11 -g3 -DDEBUG -DUSE_HAL_DRIVER -DSTM32F401xE -c -I../Core/Inc -I../Drivers/STM32F4xx_HAL_Driver/Inc -I../Drivers/STM32F4xx_HAL_Driver/Inc/Legacy -I../Drivers/CMSIS/Device/ST/STM32F4xx/Include -I../Drivers/CMSIS/Include -I/home/ashwin/Documents/rtos/rtos/Common/FreeRTOS -I/home/ashwin/Documents/rtos/rtos/Common/FreeRTOS/include -I/home/ashwin/Documents/rtos/rtos/Common/FreeRTOS/portable/GCC/ARM_CM4F -I/home/ashwin/Documents/rtos/rtos/Common/SEGGER/Config -I/home/ashwin/Documents/rtos/rtos/Common/SEGGER/OS -I/home/ashwin/Documents/rtos/rtos/Common/SEGGER/SEGGER -O0 -ffunction-sections -fdata-sections -Wall -fstack-usage -MMD -MP -MF"Drivers/STM32F4xx_HAL_Driver/Src/stm32f4xx_hal_pwr_ex.d" -MT"Drivers/STM32F4xx_HAL_Driver/Src/stm32f4xx_hal_pwr_ex.o" --specs=nano.specs -mfpu=fpv4-sp-d16 -mfloat-abi=hard -mthumb -o "Drivers/STM32F4xx_HAL_Driver/Src/stm32f4xx_hal_pwr_ex.o"
arm-none-eabi-gcc "../Drivers/STM32F4xx_HAL_Driver/Src/stm32f4xx_hal_rcc.c" -mcpu=cortex-m4 -std=gnu11 -g3 -DDEBUG -DUSE_HAL_DRIVER -DSTM32F401xE -c -I../Core/Inc -I../Drivers/STM32F4xx_HAL_Driver/Inc -I../Drivers/STM32F4xx_HAL_Driver/Inc/Legacy -I../Drivers/CMSIS/Device/ST/STM32F4xx/Include -I../Drivers/CMSIS/Include -I/home/ashwin/Documents/rtos/rtos/Common/FreeRTOS -I/home/ashwin/Documents/rtos/rtos/Common/FreeRTOS/include -I/home/ashwin/Documents/rtos/rtos/Common/FreeRTOS/portable/GCC/ARM_CM4F -I/home/ashwin/Documents/rtos/rtos/Common/SEGGER/Config -I/home/ashwin/Documents/rtos/rtos/Common/SEGGER/OS -I/home/ashwin/Documents/rtos/rtos/Common/SEGGER/SEGGER -O0 -ffunction-sections -fdata-sections -Wall -fstack-usage -MMD -MP -MF"Drivers/STM32F4xx_HAL_Driver/Src/stm32f4xx_hal_rcc.d" -MT"Drivers/STM32F4xx_HAL_Driver/Src/stm32f4xx_hal_rcc.o" --specs=nano.specs -mfpu=fpv4-sp-d16 -mfloat-abi=hard -mthumb -o "Drivers/STM32F4xx_HAL_Driver/Src/stm32f4xx_hal_rcc.o"
arm-none-eabi-gcc "../Drivers/STM32F4xx_HAL_Driver/Src/stm32f4xx_hal_rcc_ex.c" -mcpu=cortex-m4 -std=gnu11 -g3 -DDEBUG -DUSE_HAL_DRIVER -DSTM32F401xE -c -I../Core/Inc -I../Drivers/STM32F4xx_HAL_Driver/Inc -I../Drivers/STM32F4xx_HAL_Driver/Inc/Legacy -I../Drivers/CMSIS/Device/ST/STM32F4xx/Include -I../Drivers/CMSIS/Include -I/home/ashwin/Documents/rtos/rtos/Common/FreeRTOS -I/home/ashwin/Documents/rtos/rtos/Common/FreeRTOS/include -I/home/ashwin/Documents/rtos/rtos/Common/FreeRTOS/portable/GCC/ARM_CM4F -I/home/ashwin/Documents/rtos/rtos/Common/SEGGER/Config -I/home/ashwin/Documents/rtos/rtos/Common/SEGGER/OS -I/home/ashwin/Documents/rtos/rtos/Common/SEGGER/SEGGER -O0 -ffunction-sections -fdata-sections -Wall -fstack-usage -MMD -MP -MF"Drivers/STM32F4xx_HAL_Driver/Src/stm32f4xx_hal_rcc_ex.d" -MT"Drivers/STM32F4xx_HAL_Driver/Src/stm32f4xx_hal_rcc_ex.o" --specs=nano.specs -mfpu=fpv4-sp-d16 -mfloat-abi=hard -mthumb -o "Drivers/STM32F4xx_HAL_Driver/Src/stm32f4xx_hal_rcc_ex.o"
arm-none-eabi-gcc "../Drivers/STM32F4xx_HAL_Driver/Src/stm32f4xx_hal_tim.c" -mcpu=cortex-m4 -std=gnu11 -g3 -DDEBUG -DUSE_HAL_DRIVER -DSTM32F401xE -c -I../Core/Inc -I../Drivers/STM32F4xx_HAL_Driver/Inc -I../Drivers/STM32F4xx_HAL_Driver/Inc/Legacy -I../Drivers/CMSIS/Device/ST/STM32F4xx/Include -I../Drivers/CMSIS/Include -I/home/ashwin/Documents/rtos/rtos/Common/FreeRTOS -I/home/ashwin/Documents/rtos/rtos/Common/FreeRTOS/include -I/home/ashwin/Documents/rtos/rtos/Common/FreeRTOS/portable/GCC/ARM_CM4F -I/home/ashwin/Documents/rtos/rtos/Common/SEGGER/Config -I/home/ashwin/Documents/rtos/rtos/Common/SEGGER/OS -I/home/ashwin/Documents/rtos/rtos/Common/SEGGER/SEGGER -O0 -ffunction-sections -fdata-sections -Wall -fstack-usage -MMD -MP -MF"Drivers/STM32F4xx_HAL_Driver/Src/stm32f4xx_hal_tim.d" -MT"Drivers/STM32F4xx_HAL_Driver/Src/stm32f4xx_hal_tim.o" --specs=nano.specs -mfpu=fpv4-sp-d16 -mfloat-abi=hard -mthumb -o "Drivers/STM32F4xx_HAL_Driver/Src/stm32f4xx_hal_tim.o"
arm-none-eabi-gcc "../Drivers/STM32F4xx_HAL_Driver/Src/stm32f4xx_hal_tim_ex.c" -mcpu=cortex-m4 -std=gnu11 -g3 -DDEBUG -DUSE_HAL_DRIVER -DSTM32F401xE -c -I../Core/Inc -I../Drivers/STM32F4xx_HAL_Driver/Inc -I../Drivers/STM32F4xx_HAL_Driver/Inc/Legacy -I../Drivers/CMSIS/Device/ST/STM32F4xx/Include -I../Drivers/CMSIS/Include -I/home/ashwin/Documents/rtos/rtos/Common/FreeRTOS -I/home/ashwin/Documents/rtos/rtos/Common/FreeRTOS/include -I/home/ashwin/Documents/rtos/rtos/Common/FreeRTOS/portable/GCC/ARM_CM4F -I/home/ashwin/Documents/rtos/rtos/Common/SEGGER/Config -I/home/ashwin/Documents/rtos/rtos/Common/SEGGER/OS -I/home/ashwin/Documents/rtos/rtos/Common/SEGGER/SEGGER -O0 -ffunction-sections -fdata-sections -Wall -fstack-usage -MMD -MP -MF"Drivers/STM32F4xx_HAL_Driver/Src/stm32f4xx_hal_tim_ex.d" -MT"Drivers/STM32F4xx_HAL_Driver/Src/stm32f4xx_hal_tim_ex.o" --specs=nano.specs -mfpu=fpv4-sp-d16 -mfloat-abi=hard -mthumb -o "Drivers/STM32F4xx_HAL_Driver/Src/stm32f4xx_hal_tim_ex.o"
arm-none-eabi-gcc -mcpu=cortex-m4 -g3 -DDEBUG -c -I/home/ashwin/Documents/rtos/rtos/Common/SEGGER/Config -I/home/ashwin/Documents/rtos/rtos/Common/SEGGER/SEGGER -x assembler-with-cpp -MMD -MP -MF"Core/Startup/startup_stm32f401retx.d" -MT"Core/Startup/startup_stm32f401retx.o" --specs=nano.specs -mfpu=fpv4-sp-d16 -mfloat-abi=hard -mthumb -o "Core/Startup/startup_stm32f401retx.o" "../Core/Startup/startup_stm32f401retx.s"
arm-none-eabi-gcc "../Core/Src/main.c" -mcpu=cortex-m4 -std=gnu11 -g3 -DDEBUG -DUSE_HAL_DRIVER -DSTM32F401xE -c -I../Core/Inc -I../Drivers/STM32F4xx_HAL_Driver/Inc -I../Drivers/STM32F4xx_HAL_Driver/Inc/Legacy -I../Drivers/CMSIS/Device/ST/STM32F4xx/Include -I../Drivers/CMSIS/Include -I/home/ashwin/Documents/rtos/rtos/Common/FreeRTOS -I/home/ashwin/Documents/rtos/rtos/Common/FreeRTOS/include -I/home/ashwin/Documents/rtos/rtos/Common/FreeRTOS/portable/GCC/ARM_CM4F -I/home/ashwin/Documents/rtos/rtos/Common/SEGGER/Config -I/home/ashwin/Documents/rtos/rtos/Common/SEGGER/OS -I/home/ashwin/Documents/rtos/rtos/Common/SEGGER/SEGGER -O0 -ffunction-sections -fdata-sections -Wall -fstack-usage -MMD -MP -MF"Core/Src/main.d" -MT"Core/Src/main.o" --specs=nano.specs -mfpu=fpv4-sp-d16 -mfloat-abi=hard -mthumb -o "Core/Src/main.o"
arm-none-eabi-gcc "../Core/Src/stm32f4xx_hal_msp.c" -mcpu=cortex-m4 -std=gnu11 -g3 -DDEBUG -DUSE_HAL_DRIVER -DSTM32F401xE -c -I../Core/Inc -I../Drivers/STM32F4xx_HAL_Driver/Inc -I../Drivers/STM32F4xx_HAL_Driver/Inc/Legacy -I../Drivers/CMSIS/Device/ST/STM32F4xx/Include -I../Drivers/CMSIS/Include -I/home/ashwin/Documents/rtos/rtos/Common/FreeRTOS -I/home/ashwin/Documents/rtos/rtos/Common/FreeRTOS/include -I/home/ashwin/Documents/rtos/rtos/Common/FreeRTOS/portable/GCC/ARM_CM4F -I/home/ashwin/Documents/rtos/rtos/Common/SEGGER/Config -I/home/ashwin/Documents/rtos/rtos/Common/SEGGER/OS -I/home/ashwin/Documents/rtos/rtos/Common/SEGGER/SEGGER -O0 -ffunction-sections -fdata-sections -Wall -fstack-usage -MMD -MP -MF"Core/Src/stm32f4xx_hal_msp.d" -MT"Core/Src/stm32f4xx_hal_msp.o" --specs=nano.specs -mfpu=fpv4-sp-d16 -mfloat-abi=hard -mthumb -o "Core/Src/stm32f4xx_hal_msp.o"
arm-none-eabi-gcc "../Core/Src/stm32f4xx_hal_timebase_tim.c" -mcpu=cortex-m4 -std=gnu11 -g3 -DDEBUG -DUSE_HAL_DRIVER -DSTM32F401xE -c -I../Core/Inc -I../Drivers/STM32F4xx_HAL_Driver/Inc -I../Drivers/STM32F4xx_HAL_Driver/Inc/Legacy -I../Drivers/CMSIS/Device/ST/STM32F4xx/Include -I../Drivers/CMSIS/Include -I/home/ashwin/Documents/rtos/rtos/Common/FreeRTOS -I/home/ashwin/Documents/rtos/rtos/Common/FreeRTOS/include -I/home/ashwin/Documents/rtos/rtos/Common/FreeRTOS/portable/GCC/ARM_CM4F -I/home/ashwin/Documents/rtos/rtos/Common/SEGGER/Config -I/home/ashwin/Documents/rtos/rtos/Common/SEGGER/OS -I/home/ashwin/Documents/rtos/rtos/Common/SEGGER/SEGGER -O0 -ffunction-sections -fdata-sections -Wall -fstack-usage -MMD -MP -MF"Core/Src/stm32f4xx_hal_timebase_tim.d" -MT"Core/Src/stm32f4xx_hal_timebase_tim.o" --specs=nano.specs -mfpu=fpv4-sp-d16 -mfloat-abi=hard -mthumb -o "Core/Src/stm32f4xx_hal_timebase_tim.o"
arm-none-eabi-gcc "../Core/Src/stm32f4xx_it.c" -mcpu=cortex-m4 -std=gnu11 -g3 -DDEBUG -DUSE_HAL_DRIVER -DSTM32F401xE -c -I../Core/Inc -I../Drivers/STM32F4xx_HAL_Driver/Inc -I../Drivers/STM32F4xx_HAL_Driver/Inc/Legacy -I../Drivers/CMSIS/Device/ST/STM32F4xx/Include -I../Drivers/CMSIS/Include -I/home/ashwin/Documents/rtos/rtos/Common/FreeRTOS -I/home/ashwin/Documents/rtos/rtos/Common/FreeRTOS/include -I/home/ashwin/Documents/rtos/rtos/Common/FreeRTOS/portable/GCC/ARM_CM4F -I/home/ashwin/Documents/rtos/rtos/Common/SEGGER/Config -I/home/ashwin/Documents/rtos/rtos/Common/SEGGER/OS -I/home/ashwin/Documents/rtos/rtos/Common/SEGGER/SEGGER -O0 -ffunction-sections -fdata-sections -Wall -fstack-usage -MMD -MP -MF"Core/Src/stm32f4xx_it.d" -MT"Core/Src/stm32f4xx_it.o" --specs=nano.specs -mfpu=fpv4-sp-d16 -mfloat-abi=hard -mthumb -o "Core/Src/stm32f4xx_it.o"
arm-none-eabi-gcc "../Core/Src/syscalls.c" -mcpu=cortex-m4 -std=gnu11 -g3 -DDEBUG -DUSE_HAL_DRIVER -DSTM32F401xE -c -I../Core/Inc -I../Drivers/STM32F4xx_HAL_Driver/Inc -I../Drivers/STM32F4xx_HAL_Driver/Inc/Legacy -I../Drivers/CMSIS/Device/ST/STM32F4xx/Include -I../Drivers/CMSIS/Include -I/home/ashwin/Documents/rtos/rtos/Common/FreeRTOS -I/home/ashwin/Documents/rtos/rtos/Common/FreeRTOS/include -I/home/ashwin/Documents/rtos/rtos/Common/FreeRTOS/portable/GCC/ARM_CM4F -I/home/ashwin/Documents/rtos/rtos/Common/SEGGER/Config -I/home/ashwin/Documents/rtos/rtos/Common/SEGGER/OS -I/home/ashwin/Documents/rtos/rtos/Common/SEGGER/SEGGER -O0 -ffunction-sections -fdata-sections -Wall -fstack-usage -MMD -MP -MF"Core/Src/syscalls.d" -MT"Core/Src/syscalls.o" --specs=nano.specs -mfpu=fpv4-sp-d16 -mfloat-abi=hard -mthumb -o "Core/Src/syscalls.o"
arm-none-eabi-gcc "../Core/Src/sysmem.c" -mcpu=cortex-m4 -std=gnu11 -g3 -DDEBUG -DUSE_HAL_DRIVER -DSTM32F401xE -c -I../Core/Inc -I../Drivers/STM32F4xx_HAL_Driver/Inc -I../Drivers/STM32F4xx_HAL_Driver/Inc/Legacy -I../Drivers/CMSIS/Device/ST/STM32F4xx/Include -I../Drivers/CMSIS/Include -I/home/ashwin/Documents/rtos/rtos/Common/FreeRTOS -I/home/ashwin/Documents/rtos/rtos/Common/FreeRTOS/include -I/home/ashwin/Documents/rtos/rtos/Common/FreeRTOS/portable/GCC/ARM_CM4F -I/home/ashwin/Documents/rtos/rtos/Common/SEGGER/Config -I/home/ashwin/Documents/rtos/rtos/Common/SEGGER/OS -I/home/ashwin/Documents/rtos/rtos/Common/SEGGER/SEGGER -O0 -ffunction-sections -fdata-sections -Wall -fstack-usage -MMD -MP -MF"Core/Src/sysmem.d" -MT"Core/Src/sysmem.o" --specs=nano.specs -mfpu=fpv4-sp-d16 -mfloat-abi=hard -mthumb -o "Core/Src/sysmem.o"
arm-none-eabi-gcc "../Core/Src/system_stm32f4xx.c" -mcpu=cortex-m4 -std=gnu11 -g3 -DDEBUG -DUSE_HAL_DRIVER -DSTM32F401xE -c -I../Core/Inc -I../Drivers/STM32F4xx_HAL_Driver/Inc -I../Drivers/STM32F4xx_HAL_Driver/Inc/Legacy -I../Drivers/CMSIS/Device/ST/STM32F4xx/Include -I../Drivers/CMSIS/Include -I/home/ashwin/Documents/rtos/rtos/Common/FreeRTOS -I/home/ashwin/Documents/rtos/rtos/Common/FreeRTOS/include -I/home/ashwin/Documents/rtos/rtos/Common/FreeRTOS/portable/GCC/ARM_CM4F -I/home/ashwin/Documents/rtos/rtos/Common/SEGGER/Config -I/home/ashwin/Documents/rtos/rtos/Common/SEGGER/OS -I/home/ashwin/Documents/rtos/rtos/Common/SEGGER/SEGGER -O0 -ffunction-sections -fdata-sections -Wall -fstack-usage -MMD -MP -MF"Core/Src/system_stm32f4xx.d" -MT"Core/Src/system_stm32f4xx.o" --specs=nano.specs -mfpu=fpv4-sp-d16 -mfloat-abi=hard -mthumb -o "Core/Src/system_stm32f4xx.o"
arm-none-eabi-gcc "/home/ashwin/Documents/rtos/rtos/Common/SEGGER/SEGGER/Syscalls/SEGGER_RTT_Syscalls_GCC.c" -mcpu=cortex-m4 -std=gnu11 -g3 -DDEBUG -DUSE_HAL_DRIVER -DSTM32F401xE -c -I../Core/Inc -I../Drivers/STM32F4xx_HAL_Driver/Inc -I../Drivers/STM32F4xx_HAL_Driver/Inc/Legacy -I../Drivers/CMSIS/Device/ST/STM32F4xx/Include -I../Drivers/CMSIS/Include -I/home/ashwin/Documents/rtos/rtos/Common/FreeRTOS -I/home/ashwin/Documents/rtos/rtos/Common/FreeRTOS/include -I/home/ashwin/Documents/rtos/rtos/Common/FreeRTOS/portable/GCC/ARM_CM4F -I/home/ashwin/Documents/rtos/rtos/Common/SEGGER/Config -I/home/ashwin/Documents/rtos/rtos/Common/SEGGER/OS -I/home/ashwin/Documents/rtos/rtos/Common/SEGGER/SEGGER -O0 -ffunction-sections -fdata-sections -Wall -fstack-usage -MMD -MP -MF"Common/SEGGER/SEGGER/Syscalls/SEGGER_RTT_Syscalls_GCC.d" -MT"Common/SEGGER/SEGGER/Syscalls/SEGGER_RTT_Syscalls_GCC.o" --specs=nano.specs -mfpu=fpv4-sp-d16 -mfloat-abi=hard -mthumb -o "Common/SEGGER/SEGGER/Syscalls/SEGGER_RTT_Syscalls_GCC.o"
arm-none-eabi-gcc "/home/ashwin/Documents/rtos/rtos/Common/SEGGER/SEGGER/Syscalls/SEGGER_RTT_Syscalls_IAR.c" -mcpu=cortex-m4 -std=gnu11 -g3 -DDEBUG -DUSE_HAL_DRIVER -DSTM32F401xE -c -I../Core/Inc -I../Drivers/STM32F4xx_HAL_Driver/Inc -I../Drivers/STM32F4xx_HAL_Driver/Inc/Legacy -I../Drivers/CMSIS/Device/ST/STM32F4xx/Include -I../Drivers/CMSIS/Include -I/home/ashwin/Documents/rtos/rtos/Common/FreeRTOS -I/home/ashwin/Documents/rtos/rtos/Common/FreeRTOS/include -I/home/ashwin/Documents/rtos/rtos/Common/FreeRTOS/portable/GCC/ARM_CM4F -I/home/ashwin/Documents/rtos/rtos/Common/SEGGER/Config -I/home/ashwin/Documents/rtos/rtos/Common/SEGGER/OS -I/home/ashwin/Documents/rtos/rtos/Common/SEGGER/SEGGER -O0 -ffunction-sections -fdata-sections -Wall -fstack-usage -MMD -MP -MF"Common/SEGGER/SEGGER/Syscalls/SEGGER_RTT_Syscalls_IAR.d" -MT"Common/SEGGER/SEGGER/Syscalls/SEGGER_RTT_Syscalls_IAR.o" --specs=nano.specs -mfpu=fpv4-sp-d16 -mfloat-abi=hard -mthumb -o "Common/SEGGER/SEGGER/Syscalls/SEGGER_RTT_Syscalls_IAR.o"
arm-none-eabi-gcc "/home/ashwin/Documents/rtos/rtos/Common/SEGGER/SEGGER/Syscalls/SEGGER_RTT_Syscalls_KEIL.c" -mcpu=cortex-m4 -std=gnu11 -g3 -DDEBUG -DUSE_HAL_DRIVER -DSTM32F401xE -c -I../Core/Inc -I../Drivers/STM32F4xx_HAL_Driver/Inc -I../Drivers/STM32F4xx_HAL_Driver/Inc/Legacy -I../Drivers/CMSIS/Device/ST/STM32F4xx/Include -I../Drivers/CMSIS/Include -I/home/ashwin/Documents/rtos/rtos/Common/FreeRTOS -I/home/ashwin/Documents/rtos/rtos/Common/FreeRTOS/include -I/home/ashwin/Documents/rtos/rtos/Common/FreeRTOS/portable/GCC/ARM_CM4F -I/home/ashwin/Documents/rtos/rtos/Common/SEGGER/Config -I/home/ashwin/Documents/rtos/rtos/Common/SEGGER/OS -I/home/ashwin/Documents/rtos/rtos/Common/SEGGER/SEGGER -O0 -ffunction-sections -fdata-sections -Wall -fstack-usage -MMD -MP -MF"Common/SEGGER/SEGGER/Syscalls/SEGGER_RTT_Syscalls_KEIL.d" -MT"Common/SEGGER/SEGGER/Syscalls/SEGGER_RTT_Syscalls_KEIL.o" --specs=nano.specs -mfpu=fpv4-sp-d16 -mfloat-abi=hard -mthumb -o "Common/SEGGER/SEGGER/Syscalls/SEGGER_RTT_Syscalls_KEIL.o"
arm-none-eabi-gcc "/home/ashwin/Documents/rtos/rtos/Common/SEGGER/SEGGER/Syscalls/SEGGER_RTT_Syscalls_SES.c" -mcpu=cortex-m4 -std=gnu11 -g3 -DDEBUG -DUSE_HAL_DRIVER -DSTM32F401xE -c -I../Core/Inc -I../Drivers/STM32F4xx_HAL_Driver/Inc -I../Drivers/STM32F4xx_HAL_Driver/Inc/Legacy -I../Drivers/CMSIS/Device/ST/STM32F4xx/Include -I../Drivers/CMSIS/Include -I/home/ashwin/Documents/rtos/rtos/Common/FreeRTOS -I/home/ashwin/Documents/rtos/rtos/Common/FreeRTOS/include -I/home/ashwin/Documents/rtos/rtos/Common/FreeRTOS/portable/GCC/ARM_CM4F -I/home/ashwin/Documents/rtos/rtos/Common/SEGGER/Config -I/home/ashwin/Documents/rtos/rtos/Common/SEGGER/OS -I/home/ashwin/Documents/rtos/rtos/Common/SEGGER/SEGGER -O0 -ffunction-sections -fdata-sections -Wall -fstack-usage -MMD -MP -MF"Common/SEGGER/SEGGER/Syscalls/SEGGER_RTT_Syscalls_SES.d" -MT"Common/SEGGER/SEGGER/Syscalls/SEGGER_RTT_Syscalls_SES.o" --specs=nano.specs -mfpu=fpv4-sp-d16 -mfloat-abi=hard -mthumb -o "Common/SEGGER/SEGGER/Syscalls/SEGGER_RTT_Syscalls_SES.o"
arm-none-eabi-gcc "/home/ashwin/Documents/rtos/rtos/Common/SEGGER/SEGGER/SEGGER_RTT.c" -mcpu=cortex-m4 -std=gnu11 -g3 -DDEBUG -DUSE_HAL_DRIVER -DSTM32F401xE -c -I../Core/Inc -I../Drivers/STM32F4xx_HAL_Driver/Inc -I../Drivers/STM32F4xx_HAL_Driver/Inc/Legacy -I../Drivers/CMSIS/Device/ST/STM32F4xx/Include -I../Drivers/CMSIS/Include -I/home/ashwin/Documents/rtos/rtos/Common/FreeRTOS -I/home/ashwin/Documents/rtos/rtos/Common/FreeRTOS/include -I/home/ashwin/Documents/rtos/rtos/Common/FreeRTOS/portable/GCC/ARM_CM4F -I/home/ashwin/Documents/rtos/rtos/Common/SEGGER/Config -I/home/ashwin/Documents/rtos/rtos/Common/SEGGER/OS -I/home/ashwin/Documents/rtos/rtos/Common/SEGGER/SEGGER -O0 -ffunction-sections -fdata-sections -Wall -fstack-usage -MMD -MP -MF"Common/SEGGER/SEGGER/SEGGER_RTT.d" -MT"Common/SEGGER/SEGGER/SEGGER_RTT.o" --specs=nano.specs -mfpu=fpv4-sp-d16 -mfloat-abi=hard -mthumb -o "Common/SEGGER/SEGGER/SEGGER_RTT.o"
arm-none-eabi-gcc -mcpu=cortex-m4 -g3 -DDEBUG -c -I/home/ashwin/Documents/rtos/rtos/Common/SEGGER/Config -I/home/ashwin/Documents/rtos/rtos/Common/SEGGER/SEGGER -x assembler-with-cpp -MMD -MP -MF"Common/SEGGER/SEGGER/SEGGER_RTT_ASM_ARMv7M.d" -MT"Common/SEGGER/SEGGER/SEGGER_RTT_ASM_ARMv7M.o" --specs=nano.specs -mfpu=fpv4-sp-d16 -mfloat-abi=hard -mthumb -o "Common/SEGGER/SEGGER/SEGGER_RTT_ASM_ARMv7M.o" "/home/ashwin/Documents/rtos/rtos/Common/SEGGER/SEGGER/SEGGER_RTT_ASM_ARMv7M.S"
arm-none-eabi-gcc "/home/ashwin/Documents/rtos/rtos/Common/SEGGER/SEGGER/SEGGER_RTT_printf.c" -mcpu=cortex-m4 -std=gnu11 -g3 -DDEBUG -DUSE_HAL_DRIVER -DSTM32F401xE -c -I../Core/Inc -I../Drivers/STM32F4xx_HAL_Driver/Inc -I../Drivers/STM32F4xx_HAL_Driver/Inc/Legacy -I../Drivers/CMSIS/Device/ST/STM32F4xx/Include -I../Drivers/CMSIS/Include -I/home/ashwin/Documents/rtos/rtos/Common/FreeRTOS -I/home/ashwin/Documents/rtos/rtos/Common/FreeRTOS/include -I/home/ashwin/Documents/rtos/rtos/Common/FreeRTOS/portable/GCC/ARM_CM4F -I/home/ashwin/Documents/rtos/rtos/Common/SEGGER/Config -I/home/ashwin/Documents/rtos/rtos/Common/SEGGER/OS -I/home/ashwin/Documents/rtos/rtos/Common/SEGGER/SEGGER -O0 -ffunction-sections -fdata-sections -Wall -fstack-usage -MMD -MP -MF"Common/SEGGER/SEGGER/SEGGER_RTT_printf.d" -MT"Common/SEGGER/SEGGER/SEGGER_RTT_printf.o" --specs=nano.specs -mfpu=fpv4-sp-d16 -mfloat-abi=hard -mthumb -o "Common/SEGGER/SEGGER/SEGGER_RTT_printf.o"
arm-none-eabi-gcc "/home/ashwin/Documents/rtos/rtos/Common/SEGGER/SEGGER/SEGGER_SYSVIEW.c" -mcpu=cortex-m4 -std=gnu11 -g3 -DDEBUG -DUSE_HAL_DRIVER -DSTM32F401xE -c -I../Core/Inc -I../Drivers/STM32F4xx_HAL_Driver/Inc -I../Drivers/STM32F4xx_HAL_Driver/Inc/Legacy -I../Drivers/CMSIS/Device/ST/STM32F4xx/Include -I../Drivers/CMSIS/Include -I/home/ashwin/Documents/rtos/rtos/Common/FreeRTOS -I/home/ashwin/Documents/rtos/rtos/Common/FreeRTOS/include -I/home/ashwin/Documents/rtos/rtos/Common/FreeRTOS/portable/GCC/ARM_CM4F -I/home/ashwin/Documents/rtos/rtos/Common/SEGGER/Config -I/home/ashwin/Documents/rtos/rtos/Common/SEGGER/OS -I/home/ashwin/Documents/rtos/rtos/Common/SEGGER/SEGGER -O0 -ffunction-sections -fdata-sections -Wall -fstack-usage -MMD -MP -MF"Common/SEGGER/SEGGER/SEGGER_SYSVIEW.d" -MT"Common/SEGGER/SEGGER/SEGGER_SYSVIEW.o" --specs=nano.specs -mfpu=fpv4-sp-d16 -mfloat-abi=hard -mthumb -o "Common/SEGGER/SEGGER/SEGGER_SYSVIEW.o"
arm-none-eabi-gcc "/home/ashwin/Documents/rtos/rtos/Common/SEGGER/OS/SEGGER_SYSVIEW_FreeRTOS.c" -mcpu=cortex-m4 -std=gnu11 -g3 -DDEBUG -DUSE_HAL_DRIVER -DSTM32F401xE -c -I../Core/Inc -I../Drivers/STM32F4xx_HAL_Driver/Inc -I../Drivers/STM32F4xx_HAL_Driver/Inc/Legacy -I../Drivers/CMSIS/Device/ST/STM32F4xx/Include -I../Drivers/CMSIS/Include -I/home/ashwin/Documents/rtos/rtos/Common/FreeRTOS -I/home/ashwin/Documents/rtos/rtos/Common/FreeRTOS/include -I/home/ashwin/Documents/rtos/rtos/Common/FreeRTOS/portable/GCC/ARM_CM4F -I/home/ashwin/Documents/rtos/rtos/Common/SEGGER/Config -I/home/ashwin/Documents/rtos/rtos/Common/SEGGER/OS -I/home/ashwin/Documents/rtos/rtos/Common/SEGGER/SEGGER -O0 -ffunction-sections -fdata-sections -Wall -fstack-usage -MMD -MP -MF"Common/SEGGER/OS/SEGGER_SYSVIEW_FreeRTOS.d" -MT"Common/SEGGER/OS/SEGGER_SYSVIEW_FreeRTOS.o" --specs=nano.specs -mfpu=fpv4-sp-d16 -mfloat-abi=hard -mthumb -o "Common/SEGGER/OS/SEGGER_SYSVIEW_FreeRTOS.o"
arm-none-eabi-gcc "/home/ashwin/Documents/rtos/rtos/Common/SEGGER/Config/SEGGER_SYSVIEW_Config_FreeRTOS.c" -mcpu=cortex-m4 -std=gnu11 -g3 -DDEBUG -DUSE_HAL_DRIVER -DSTM32F401xE -c -I../Core/Inc -I../Drivers/STM32F4xx_HAL_Driver/Inc -I../Drivers/STM32F4xx_HAL_Driver/Inc/Legacy -I../Drivers/CMSIS/Device/ST/STM32F4xx/Include -I../Drivers/CMSIS/Include -I/home/ashwin/Documents/rtos/rtos/Common/FreeRTOS -I/home/ashwin/Documents/rtos/rtos/Common/FreeRTOS/include -I/home/ashwin/Documents/rtos/rtos/Common/FreeRTOS/portable/GCC/ARM_CM4F -I/home/ashwin/Documents/rtos/rtos/Common/SEGGER/Config -I/home/ashwin/Documents/rtos/rtos/Common/SEGGER/OS -I/home/ashwin/Documents/rtos/rtos/Common/SEGGER/SEGGER -O0 -ffunction-sections -fdata-sections -Wall -fstack-usage -MMD -MP -MF"Common/SEGGER/Config/SEGGER_SYSVIEW_Config_FreeRTOS.d" -MT"Common/SEGGER/Config/SEGGER_SYSVIEW_Config_FreeRTOS.o" --specs=nano.specs -mfpu=fpv4-sp-d16 -mfloat-abi=hard -mthumb -o "Common/SEGGER/Config/SEGGER_SYSVIEW_Config_FreeRTOS.o"
arm-none-eabi-gcc "/home/ashwin/Documents/rtos/rtos/Common/FreeRTOS/portable/MemMang/heap_4.c" -mcpu=cortex-m4 -std=gnu11 -g3 -DDEBUG -DUSE_HAL_DRIVER -DSTM32F401xE -c -I../Core/Inc -I../Drivers/STM32F4xx_HAL_Driver/Inc -I../Drivers/STM32F4xx_HAL_Driver/Inc/Legacy -I../Drivers/CMSIS/Device/ST/STM32F4xx/Include -I../Drivers/CMSIS/Include -I/home/ashwin/Documents/rtos/rtos/Common/FreeRTOS -I/home/ashwin/Documents/rtos/rtos/Common/FreeRTOS/include -I/home/ashwin/Documents/rtos/rtos/Common/FreeRTOS/portable/GCC/ARM_CM4F -I/home/ashwin/Documents/rtos/rtos/Common/SEGGER/Config -I/home/ashwin/Documents/rtos/rtos/Common/SEGGER/OS -I/home/ashwin/Documents/rtos/rtos/Common/SEGGER/SEGGER -O0 -ffunction-sections -fdata-sections -Wall -fstack-usage -MMD -MP -MF"Common/FreeRTOS/portable/MemMang/heap_4.d" -MT"Common/FreeRTOS/portable/MemMang/heap_4.o" --specs=nano.specs -mfpu=fpv4-sp-d16 -mfloat-abi=hard -mthumb -o "Common/FreeRTOS/portable/MemMang/heap_4.o"
arm-none-eabi-gcc "/home/ashwin/Documents/rtos/rtos/Common/FreeRTOS/portable/GCC/ARM_CM4F/port.c" -mcpu=cortex-m4 -std=gnu11 -g3 -DDEBUG -DUSE_HAL_DRIVER -DSTM32F401xE -c -I../Core/Inc -I../Drivers/STM32F4xx_HAL_Driver/Inc -I../Drivers/STM32F4xx_HAL_Driver/Inc/Legacy -I../Drivers/CMSIS/Device/ST/STM32F4xx/Include -I../Drivers/CMSIS/Include -I/home/ashwin/Documents/rtos/rtos/Common/FreeRTOS -I/home/ashwin/Documents/rtos/rtos/Common/FreeRTOS/include -I/home/ashwin/Documents/rtos/rtos/Common/FreeRTOS/portable/GCC/ARM_CM4F -I/home/ashwin/Documents/rtos/rtos/Common/SEGGER/Config -I/home/ashwin/Documents/rtos/rtos/Common/SEGGER/OS -I/home/ashwin/Documents/rtos/rtos/Common/SEGGER/SEGGER -O0 -ffunction-sections -fdata-sections -Wall -fstack-usage -MMD -MP -MF"Common/FreeRTOS/portable/GCC/ARM_CM4F/port.d" -MT"Common/FreeRTOS/portable/GCC/ARM_CM4F/port.o" --specs=nano.specs -mfpu=fpv4-sp-d16 -mfloat-abi=hard -mthumb -o "Common/FreeRTOS/portable/GCC/ARM_CM4F/port.o"
arm-none-eabi-gcc "/home/ashwin/Documents/rtos/rtos/Common/FreeRTOS/croutine.c" -mcpu=cortex-m4 -std=gnu11 -g3 -DDEBUG -DUSE_HAL_DRIVER -DSTM32F401xE -c -I../Core/Inc -I../Drivers/STM32F4xx_HAL_Driver/Inc -I../Drivers/STM32F4xx_HAL_Driver/Inc/Legacy -I../Drivers/CMSIS/Device/ST/STM32F4xx/Include -I../Drivers/CMSIS/Include -I/home/ashwin/Documents/rtos/rtos/Common/FreeRTOS -I/home/ashwin/Documents/rtos/rtos/Common/FreeRTOS/include -I/home/ashwin/Documents/rtos/rtos/Common/FreeRTOS/portable/GCC/ARM_CM4F -I/home/ashwin/Documents/rtos/rtos/Common/SEGGER/Config -I/home/ashwin/Documents/rtos/rtos/Common/SEGGER/OS -I/home/ashwin/Documents/rtos/rtos/Common/SEGGER/SEGGER -O0 -ffunction-sections -fdata-sections -Wall -fstack-usage -MMD -MP -MF"Common/FreeRTOS/croutine.d" -MT"Common/FreeRTOS/croutine.o" --specs=nano.specs -mfpu=fpv4-sp-d16 -mfloat-abi=hard -mthumb -o "Common/FreeRTOS/croutine.o"
arm-none-eabi-gcc "/home/ashwin/Documents/rtos/rtos/Common/FreeRTOS/event_groups.c" -mcpu=cortex-m4 -std=gnu11 -g3 -DDEBUG -DUSE_HAL_DRIVER -DSTM32F401xE -c -I../Core/Inc -I../Drivers/STM32F4xx_HAL_Driver/Inc -I../Drivers/STM32F4xx_HAL_Driver/Inc/Legacy -I../Drivers/CMSIS/Device/ST/STM32F4xx/Include -I../Drivers/CMSIS/Include -I/home/ashwin/Documents/rtos/rtos/Common/FreeRTOS -I/home/ashwin/Documents/rtos/rtos/Common/FreeRTOS/include -I/home/ashwin/Documents/rtos/rtos/Common/FreeRTOS/portable/GCC/ARM_CM4F -I/home/ashwin/Documents/rtos/rtos/Common/SEGGER/Config -I/home/ashwin/Documents/rtos/rtos/Common/SEGGER/OS -I/home/ashwin/Documents/rtos/rtos/Common/SEGGER/SEGGER -O0 -ffunction-sections -fdata-sections -Wall -fstack-usage -MMD -MP -MF"Common/FreeRTOS/event_groups.d" -MT"Common/FreeRTOS/event_groups.o" --specs=nano.specs -mfpu=fpv4-sp-d16 -mfloat-abi=hard -mthumb -o "Common/FreeRTOS/event_groups.o"
arm-none-eabi-gcc "/home/ashwin/Documents/rtos/rtos/Common/FreeRTOS/list.c" -mcpu=cortex-m4 -std=gnu11 -g3 -DDEBUG -DUSE_HAL_DRIVER -DSTM32F401xE -c -I../Core/Inc -I../Drivers/STM32F4xx_HAL_Driver/Inc -I../Drivers/STM32F4xx_HAL_Driver/Inc/Legacy -I../Drivers/CMSIS/Device/ST/STM32F4xx/Include -I../Drivers/CMSIS/Include -I/home/ashwin/Documents/rtos/rtos/Common/FreeRTOS -I/home/ashwin/Documents/rtos/rtos/Common/FreeRTOS/include -I/home/ashwin/Documents/rtos/rtos/Common/FreeRTOS/portable/GCC/ARM_CM4F -I/home/ashwin/Documents/rtos/rtos/Common/SEGGER/Config -I/home/ashwin/Documents/rtos/rtos/Common/SEGGER/OS -I/home/ashwin/Documents/rtos/rtos/Common/SEGGER/SEGGER -O0 -ffunction-sections -fdata-sections -Wall -fstack-usage -MMD -MP -MF"Common/FreeRTOS/list.d" -MT"Common/FreeRTOS/list.o" --specs=nano.specs -mfpu=fpv4-sp-d16 -mfloat-abi=hard -mthumb -o "Common/FreeRTOS/list.o"
arm-none-eabi-gcc "/home/ashwin/Documents/rtos/rtos/Common/FreeRTOS/queue.c" -mcpu=cortex-m4 -std=gnu11 -g3 -DDEBUG -DUSE_HAL_DRIVER -DSTM32F401xE -c -I../Core/Inc -I../Drivers/STM32F4xx_HAL_Driver/Inc -I../Drivers/STM32F4xx_HAL_Driver/Inc/Legacy -I../Drivers/CMSIS/Device/ST/STM32F4xx/Include -I../Drivers/CMSIS/Include -I/home/ashwin/Documents/rtos/rtos/Common/FreeRTOS -I/home/ashwin/Documents/rtos/rtos/Common/FreeRTOS/include -I/home/ashwin/Documents/rtos/rtos/Common/FreeRTOS/portable/GCC/ARM_CM4F -I/home/ashwin/Documents/rtos/rtos/Common/SEGGER/Config -I/home/ashwin/Documents/rtos/rtos/Common/SEGGER/OS -I/home/ashwin/Documents/rtos/rtos/Common/SEGGER/SEGGER -O0 -ffunction-sections -fdata-sections -Wall -fstack-usage -MMD -MP -MF"Common/FreeRTOS/queue.d" -MT"Common/FreeRTOS/queue.o" --specs=nano.specs -mfpu=fpv4-sp-d16 -mfloat-abi=hard -mthumb -o "Common/FreeRTOS/queue.o"
arm-none-eabi-gcc "/home/ashwin/Documents/rtos/rtos/Common/FreeRTOS/stream_buffer.c" -mcpu=cortex-m4 -std=gnu11 -g3 -DDEBUG -DUSE_HAL_DRIVER -DSTM32F401xE -c -I../Core/Inc -I../Drivers/STM32F4xx_HAL_Driver/Inc -I../Drivers/STM32F4xx_HAL_Driver/Inc/Legacy -I../Drivers/CMSIS/Device/ST/STM32F4xx/Include -I../Drivers/CMSIS/Include -I/home/ashwin/Documents/rtos/rtos/Common/FreeRTOS -I/home/ashwin/Documents/rtos/rtos/Common/FreeRTOS/include -I/home/ashwin/Documents/rtos/rtos/Common/FreeRTOS/portable/GCC/ARM_CM4F -I/home/ashwin/Documents/rtos/rtos/Common/SEGGER/Config -I/home/ashwin/Documents/rtos/rtos/Common/SEGGER/OS -I/home/ashwin/Documents/rtos/rtos/Common/SEGGER/SEGGER -O0 -ffunction-sections -fdata-sections -Wall -fstack-usage -MMD -MP -MF"Common/FreeRTOS/stream_buffer.d" -MT"Common/FreeRTOS/stream_buffer.o" --specs=nano.specs -mfpu=fpv4-sp-d16 -mfloat-abi=hard -mthumb -o "Common/FreeRTOS/stream_buffer.o"
arm-none-eabi-gcc "/home/ashwin/Documents/rtos/rtos/Common/FreeRTOS/tasks.c" -mcpu=cortex-m4 -std=gnu11 -g3 -DDEBUG -DUSE_HAL_DRIVER -DSTM32F401xE -c -I../Core/Inc -I../Drivers/STM32F4xx_HAL_Driver/Inc -I../Drivers/STM32F4xx_HAL_Driver/Inc/Legacy -I../Drivers/CMSIS/Device/ST/STM32F4xx/Include -I../Drivers/CMSIS/Include -I/home/ashwin/Documents/rtos/rtos/Common/FreeRTOS -I/home/ashwin/Documents/rtos/rtos/Common/FreeRTOS/include -I/home/ashwin/Documents/rtos/rtos/Common/FreeRTOS/portable/GCC/ARM_CM4F -I/home/ashwin/Documents/rtos/rtos/Common/SEGGER/Config -I/home/ashwin/Documents/rtos/rtos/Common/SEGGER/OS -I/home/ashwin/Documents/rtos/rtos/Common/SEGGER/SEGGER -O0 -ffunction-sections -fdata-sections -Wall -fstack-usage -MMD -MP -MF"Common/FreeRTOS/tasks.d" -MT"Common/FreeRTOS/tasks.o" --specs=nano.specs -mfpu=fpv4-sp-d16 -mfloat-abi=hard -mthumb -o "Common/FreeRTOS/tasks.o"
arm-none-eabi-gcc "/home/ashwin/Documents/rtos/rtos/Common/FreeRTOS/timers.c" -mcpu=cortex-m4 -std=gnu11 -g3 -DDEBUG -DUSE_HAL_DRIVER -DSTM32F401xE -c -I../Core/Inc -I../Drivers/STM32F4xx_HAL_Driver/Inc -I../Drivers/STM32F4xx_HAL_Driver/Inc/Legacy -I../Drivers/CMSIS/Device/ST/STM32F4xx/Include -I../Drivers/CMSIS/Include -I/home/ashwin/Documents/rtos/rtos/Common/FreeRTOS -I/home/ashwin/Documents/rtos/rtos/Common/FreeRTOS/include -I/home/ashwin/Documents/rtos/rtos/Common/FreeRTOS/portable/GCC/ARM_CM4F -I/home/ashwin/Documents/rtos/rtos/Common/SEGGER/Config -I/home/ashwin/Documents/rtos/rtos/Common/SEGGER/OS -I/home/ashwin/Documents/rtos/rtos/Common/SEGGER/SEGGER -O0 -ffunction-sections -fdata-sections -Wall -fstack-usage -MMD -MP -MF"Common/FreeRTOS/timers.d" -MT"Common/FreeRTOS/timers.o" --specs=nano.specs -mfpu=fpv4-sp-d16 -mfloat-abi=hard -mthumb -o "Common/FreeRTOS/timers.o"
/home/ashwin/Documents/rtos/rtos/Common/FreeRTOS/tasks.c: In function 'vTaskPrioritySet':
/home/ashwin/Documents/rtos/rtos/Common/FreeRTOS/tasks.c:1678:6: warning: implicit declaration of function 'prvReaddTaskToReadyList'; did you mean 'prvAddTaskToReadyList'? [-Wimplicit-function-declaration]
 1678 |      prvReaddTaskToReadyList( pxTCB );
      |      ^~~~~~~~~~~~~~~~~~~~~~~
      |      prvAddTaskToReadyList
arm-none-eabi-gcc -o "ledPart1.elf" @"objects.list"   -mcpu=cortex-m4 -T"/home/ashwin/Documents/rtos/rtos/ledPart1/STM32F401RETX_FLASH.ld" --specs=nosys.specs -Wl,-Map="ledPart1.map" -Wl,--gc-sections -static --specs=nano.specs -mfpu=fpv4-sp-d16 -mfloat-abi=hard -mthumb -Wl,--start-group -lc -lm -Wl,--end-group
Finished building target: ledPart1.elf
 
arm-none-eabi-size   ledPart1.elf 
arm-none-eabi-objdump -h -S  ledPart1.elf  > "ledPart1.list"
arm-none-eabi-objcopy  -O binary  ledPart1.elf  "ledPart1.bin"
   text	   data	    bss	    dec	    hex	filename
  32140	    128	  82616	 114884	  1c0c4	ledPart1.elf
Finished building: default.size.stdout
 
Finished building: ledPart1.bin
 
Finished building: ledPart1.list
 
02:37:17 **** Incremental Build of configuration Debug for project ledPart1 ****
make -j4 all 
arm-none-eabi-size   ledPart1.elf 
   text	   data	    bss	    dec	    hex	filename
  32140	    128	  82616	 114884	  1c0c4	ledPart1.elf
Finished building: default.size.stdout
 
