23:37:22 **** Incremental Build of configuration Debug for project ledNotify ****
make -j4 all 
arm-none-eabi-gcc "../Core/Src/main.c" -mcpu=cortex-m4 -std=gnu11 -g3 -DDEBUG -DUSE_HAL_DRIVER -DSTM32F401xE -c -I../Core/Inc -I"/home/ashwin/Documents/rtos/rtos/Common/FreeRTOS" -I"/home/ashwin/Documents/rtos/rtos/Common/FreeRTOS/portable/GCC/ARM_CM4F" -I"/home/ashwin/Documents/rtos/rtos/Common/FreeRTOS/include" -I"/home/ashwin/Documents/rtos/rtos/Common/SEGGER/Config" -I"/home/ashwin/Documents/rtos/rtos/Common/SEGGER/OS" -I"/home/ashwin/Documents/rtos/rtos/Common/SEGGER/SEGGER" -I../Drivers/STM32F4xx_HAL_Driver/Inc -I../Drivers/STM32F4xx_HAL_Driver/Inc/Legacy -I../Drivers/CMSIS/Device/ST/STM32F4xx/Include -I../Drivers/CMSIS/Include -O0 -ffunction-sections -fdata-sections -Wall -fstack-usage -MMD -MP -MF"Core/Src/main.d" -MT"Core/Src/main.o" --specs=nano.specs -mfpu=fpv4-sp-d16 -mfloat-abi=hard -mthumb -o "Core/Src/main.o"
arm-none-eabi-gcc -o "ledNotify.elf" @"objects.list"   -mcpu=cortex-m4 -T"/home/ashwin/Documents/rtos/rtos/ledNotify/STM32F401RETX_FLASH.ld" --specs=nosys.specs -Wl,-Map="ledNotify.map" -Wl,--gc-sections -static --specs=nano.specs -mfpu=fpv4-sp-d16 -mfloat-abi=hard -mthumb -Wl,--start-group -lc -lm -Wl,--end-group
Finished building target: ledNotify.elf
 
arm-none-eabi-size   ledNotify.elf 
arm-none-eabi-objdump -h -S  ledNotify.elf  > "ledNotify.list"
arm-none-eabi-objcopy  -O binary  ledNotify.elf  "ledNotify.bin"
   text	   data	    bss	    dec	    hex	filename
  20160	    124	  80404	 100688	  18950	ledNotify.elf
Finished building: default.size.stdout
 
Finished building: ledNotify.bin
 
Finished building: ledNotify.list
 

23:37:24 Build Finished. 0 errors, 0 warnings. (took 1s.539ms)

